Archive member included to satisfy reference by file (symbol)

C:/Users/ALEXPR~1/MCUXPR~1/ARM-GN~1.REL/bin/../lib/gcc/arm-none-eabi/14.2.1/thumb/v8-m.main/nofp\libc_nano.a(libc_a-exit.o)
                              C:/Users/ALEXPR~1/MCUXPR~1/ARM-GN~1.REL/bin/../lib/gcc/arm-none-eabi/14.2.1/thumb/v8-m.main/nofp/crt0.o (exit)
C:/Users/ALEXPR~1/MCUXPR~1/ARM-GN~1.REL/bin/../lib/gcc/arm-none-eabi/14.2.1/thumb/v8-m.main/nofp\libc_nano.a(libc_a-malloc.o)
                              CMakeFiles/dev_hid_mouse_lite_bm.dir/C_/WORKSPACE/proiecte/ipcei-lab/src/sdks/mcuxsdk/drivers/common/fsl_common.c.obj (malloc)
C:/Users/ALEXPR~1/MCUXPR~1/ARM-GN~1.REL/bin/../lib/gcc/arm-none-eabi/14.2.1/thumb/v8-m.main/nofp\libc_nano.a(libc_a-mallocr.o)
                              C:/Users/ALEXPR~1/MCUXPR~1/ARM-GN~1.REL/bin/../lib/gcc/arm-none-eabi/14.2.1/thumb/v8-m.main/nofp\libc_nano.a(libc_a-malloc.o) (_malloc_r)
C:/Users/ALEXPR~1/MCUXPR~1/ARM-GN~1.REL/bin/../lib/gcc/arm-none-eabi/14.2.1/thumb/v8-m.main/nofp\libc_nano.a(libc_a-mlock.o)
                              C:/Users/ALEXPR~1/MCUXPR~1/ARM-GN~1.REL/bin/../lib/gcc/arm-none-eabi/14.2.1/thumb/v8-m.main/nofp\libc_nano.a(libc_a-mallocr.o) (__malloc_lock)
C:/Users/ALEXPR~1/MCUXPR~1/ARM-GN~1.REL/bin/../lib/gcc/arm-none-eabi/14.2.1/thumb/v8-m.main/nofp\libc_nano.a(libc_a-strtoul.o)
                              CMakeFiles/dev_hid_mouse_lite_bm.dir/C_/WORKSPACE/proiecte/ipcei-lab/src/sdks/mcuxsdk/components/str/fsl_str.c.obj (strtoul)
C:/Users/ALEXPR~1/MCUXPR~1/ARM-GN~1.REL/bin/../lib/gcc/arm-none-eabi/14.2.1/thumb/v8-m.main/nofp\libc_nano.a(libc_a-ctype_.o)
                              C:/Users/ALEXPR~1/MCUXPR~1/ARM-GN~1.REL/bin/../lib/gcc/arm-none-eabi/14.2.1/thumb/v8-m.main/nofp\libc_nano.a(libc_a-strtoul.o) (_ctype_)
C:/Users/ALEXPR~1/MCUXPR~1/ARM-GN~1.REL/bin/../lib/gcc/arm-none-eabi/14.2.1/thumb/v8-m.main/nofp\libc_nano.a(libc_a-findfp.o)
                              C:/Users/ALEXPR~1/MCUXPR~1/ARM-GN~1.REL/bin/../lib/gcc/arm-none-eabi/14.2.1/thumb/v8-m.main/nofp\libc_nano.a(libc_a-exit.o) (__stdio_exit_handler)
C:/Users/ALEXPR~1/MCUXPR~1/ARM-GN~1.REL/bin/../lib/gcc/arm-none-eabi/14.2.1/thumb/v8-m.main/nofp\libc_nano.a(libc_a-fwalk.o)
                              C:/Users/ALEXPR~1/MCUXPR~1/ARM-GN~1.REL/bin/../lib/gcc/arm-none-eabi/14.2.1/thumb/v8-m.main/nofp\libc_nano.a(libc_a-findfp.o) (_fwalk_sglue)
C:/Users/ALEXPR~1/MCUXPR~1/ARM-GN~1.REL/bin/../lib/gcc/arm-none-eabi/14.2.1/thumb/v8-m.main/nofp\libc_nano.a(libc_a-stdio.o)
                              C:/Users/ALEXPR~1/MCUXPR~1/ARM-GN~1.REL/bin/../lib/gcc/arm-none-eabi/14.2.1/thumb/v8-m.main/nofp\libc_nano.a(libc_a-findfp.o) (__sread)
C:/Users/ALEXPR~1/MCUXPR~1/ARM-GN~1.REL/bin/../lib/gcc/arm-none-eabi/14.2.1/thumb/v8-m.main/nofp\libc_nano.a(libc_a-memset.o)
                              C:/Users/ALEXPR~1/MCUXPR~1/ARM-GN~1.REL/bin/../lib/gcc/arm-none-eabi/14.2.1/thumb/v8-m.main/nofp/crt0.o (memset)
C:/Users/ALEXPR~1/MCUXPR~1/ARM-GN~1.REL/bin/../lib/gcc/arm-none-eabi/14.2.1/thumb/v8-m.main/nofp\libc_nano.a(libc_a-closer.o)
                              C:/Users/ALEXPR~1/MCUXPR~1/ARM-GN~1.REL/bin/../lib/gcc/arm-none-eabi/14.2.1/thumb/v8-m.main/nofp\libc_nano.a(libc_a-stdio.o) (_close_r)
C:/Users/ALEXPR~1/MCUXPR~1/ARM-GN~1.REL/bin/../lib/gcc/arm-none-eabi/14.2.1/thumb/v8-m.main/nofp\libc_nano.a(libc_a-reent.o)
                              C:/Users/ALEXPR~1/MCUXPR~1/ARM-GN~1.REL/bin/../lib/gcc/arm-none-eabi/14.2.1/thumb/v8-m.main/nofp\libc_nano.a(libc_a-closer.o) (errno)
C:/Users/ALEXPR~1/MCUXPR~1/ARM-GN~1.REL/bin/../lib/gcc/arm-none-eabi/14.2.1/thumb/v8-m.main/nofp\libc_nano.a(libc_a-impure.o)
                              C:/Users/ALEXPR~1/MCUXPR~1/ARM-GN~1.REL/bin/../lib/gcc/arm-none-eabi/14.2.1/thumb/v8-m.main/nofp\libc_nano.a(libc_a-malloc.o) (_impure_ptr)
C:/Users/ALEXPR~1/MCUXPR~1/ARM-GN~1.REL/bin/../lib/gcc/arm-none-eabi/14.2.1/thumb/v8-m.main/nofp\libc_nano.a(libc_a-lseekr.o)
                              C:/Users/ALEXPR~1/MCUXPR~1/ARM-GN~1.REL/bin/../lib/gcc/arm-none-eabi/14.2.1/thumb/v8-m.main/nofp\libc_nano.a(libc_a-stdio.o) (_lseek_r)
C:/Users/ALEXPR~1/MCUXPR~1/ARM-GN~1.REL/bin/../lib/gcc/arm-none-eabi/14.2.1/thumb/v8-m.main/nofp\libc_nano.a(libc_a-readr.o)
                              C:/Users/ALEXPR~1/MCUXPR~1/ARM-GN~1.REL/bin/../lib/gcc/arm-none-eabi/14.2.1/thumb/v8-m.main/nofp\libc_nano.a(libc_a-stdio.o) (_read_r)
C:/Users/ALEXPR~1/MCUXPR~1/ARM-GN~1.REL/bin/../lib/gcc/arm-none-eabi/14.2.1/thumb/v8-m.main/nofp\libc_nano.a(libc_a-sbrkr.o)
                              C:/Users/ALEXPR~1/MCUXPR~1/ARM-GN~1.REL/bin/../lib/gcc/arm-none-eabi/14.2.1/thumb/v8-m.main/nofp\libc_nano.a(libc_a-mallocr.o) (_sbrk_r)
C:/Users/ALEXPR~1/MCUXPR~1/ARM-GN~1.REL/bin/../lib/gcc/arm-none-eabi/14.2.1/thumb/v8-m.main/nofp\libc_nano.a(libc_a-writer.o)
                              C:/Users/ALEXPR~1/MCUXPR~1/ARM-GN~1.REL/bin/../lib/gcc/arm-none-eabi/14.2.1/thumb/v8-m.main/nofp\libc_nano.a(libc_a-stdio.o) (_write_r)
[...]
Memory Configuration

Name             Origin             Length             Attributes
m_interrupts     0x00000000         0x00000200         xr
m_text           0x00000200         0x0001fe00         xr
m_data           0x20000000         0x00006000         rw
m_sramx0         0x04000000         0x00002000         rw
*default*        0x00000000         0xffffffff

Linker script and memory map

LOAD C:/Users/ALEXPR~1/MCUXPR~1/ARM-GN~1.REL/bin/../lib/gcc/arm-none-eabi/14.2.1/thumb/v8-m.main/nofp/crti.o
LOAD C:/Users/ALEXPR~1/MCUXPR~1/ARM-GN~1.REL/bin/../lib/gcc/arm-none-eabi/14.2.1/thumb/v8-m.main/nofp/crtbegin.o
LOAD C:/Users/ALEXPR~1/MCUXPR~1/ARM-GN~1.REL/bin/../lib/gcc/arm-none-eabi/14.2.1/thumb/v8-m.main/nofp/crt0.o
                0x00000800                        __heap_size__ = 0x800
                0x00000800                        __stack_size__ = 0x800
LOAD CMakeFiles/dev_hid_mouse_lite_bm.dir/C_/WORKSPACE/proiecte/ipcei-lab/src/sdks/mcuxsdk/devices/MCX/MCXA/MCXA153/system_MCXA153.c.obj
LOAD CMakeFiles/dev_hid_mouse_lite_bm.dir/C_/WORKSPACE/proiecte/ipcei-lab/src/sdks/mcuxsdk/devices/MCX/MCXA/MCXA153/gcc/startup_MCXA153.S.obj
LOAD CMakeFiles/dev_hid_mouse_lite_bm.dir/C_/WORKSPACE/proiecte/ipcei-lab/src/sdks/mcuxsdk/devices/MCX/MCXA/MCXA153/drivers/fsl_clock.c.obj
LOAD CMakeFiles/dev_hid_mouse_lite_bm.dir/C_/WORKSPACE/proiecte/ipcei-lab/src/sdks/mcuxsdk/devices/MCX/MCXA/MCXA153/drivers/fsl_reset.c.obj
LOAD CMakeFiles/dev_hid_mouse_lite_bm.dir/C_/WORKSPACE/proiecte/ipcei-lab/src/sdks/mcuxsdk/examples/_boards/frdmmcxa153/board.c.obj
LOAD CMakeFiles/dev_hid_mouse_lite_bm.dir/C_/WORKSPACE/proiecte/ipcei-lab/src/sdks/mcuxsdk/examples/_boards/frdmmcxa153/clock_config.c.obj
LOAD CMakeFiles/dev_hid_mouse_lite_bm.dir/C_/WORKSPACE/proiecte/ipcei-lab/src/sdks/mcuxsdk/drivers/common/fsl_common.c.obj
LOAD CMakeFiles/dev_hid_mouse_lite_bm.dir/C_/WORKSPACE/proiecte/ipcei-lab/src/sdks/mcuxsdk/drivers/common/fsl_common_arm.c.obj
LOAD CMakeFiles/dev_hid_mouse_lite_bm.dir/C_/WORKSPACE/proiecte/ipcei-lab/src/sdks/mcuxsdk/drivers/gpio/fsl_gpio.c.obj
LOAD CMakeFiles/dev_hid_mouse_lite_bm.dir/C_/WORKSPACE/proiecte/ipcei-lab/src/sdks/mcuxsdk/drivers/lpuart/fsl_lpuart.c.obj
LOAD CMakeFiles/dev_hid_mouse_lite_bm.dir/C_/WORKSPACE/proiecte/ipcei-lab/src/sdks/mcuxsdk/drivers/mcx_spc/fsl_spc.c.obj
LOAD CMakeFiles/dev_hid_mouse_lite_bm.dir/C_/WORKSPACE/proiecte/ipcei-lab/src/sdks/mcuxsdk/components/assert/fsl_assert.c.obj
LOAD CMakeFiles/dev_hid_mouse_lite_bm.dir/C_/WORKSPACE/proiecte/ipcei-lab/src/sdks/mcuxsdk/components/debug_console_lite/fsl_debug_console.c.obj
LOAD CMakeFiles/dev_hid_mouse_lite_bm.dir/C_/WORKSPACE/proiecte/ipcei-lab/src/sdks/mcuxsdk/components/lists/fsl_component_generic_list.c.obj
LOAD CMakeFiles/dev_hid_mouse_lite_bm.dir/C_/WORKSPACE/proiecte/ipcei-lab/src/sdks/mcuxsdk/components/misc_utilities/fsl_syscall_stub.c.obj
LOAD CMakeFiles/dev_hid_mouse_lite_bm.dir/C_/WORKSPACE/proiecte/ipcei-lab/src/sdks/mcuxsdk/components/misc_utilities/fsl_sbrk.c.obj
LOAD CMakeFiles/dev_hid_mouse_lite_bm.dir/C_/WORKSPACE/proiecte/ipcei-lab/src/sdks/mcuxsdk/components/misc_utilities/fsl_memcpy.S.obj
LOAD CMakeFiles/dev_hid_mouse_lite_bm.dir/C_/WORKSPACE/proiecte/ipcei-lab/src/sdks/mcuxsdk/components/osa/fsl_os_abstraction_bm.c.obj
LOAD CMakeFiles/dev_hid_mouse_lite_bm.dir/C_/WORKSPACE/proiecte/ipcei-lab/src/sdks/mcuxsdk/components/str/fsl_str.c.obj
LOAD CMakeFiles/dev_hid_mouse_lite_bm.dir/C_/WORKSPACE/proiecte/ipcei-lab/src/sdks/mcuxsdk/components/uart/fsl_adapter_lpuart.c.obj
LOAD CMakeFiles/dev_hid_mouse_lite_bm.dir/C_/WORKSPACE/proiecte/ipcei-lab/src/sdks/mcuxsdk/middleware/usb/device/usb_device_khci.c.obj
LOAD CMakeFiles/dev_hid_mouse_lite_bm.dir/C_/WORKSPACE/proiecte/ipcei-lab/src/sdks/mcuxsdk/middleware/usb/device/usb_device_dci.c.obj
LOAD CMakeFiles/dev_hid_mouse_lite_bm.dir/mouse.c.obj
LOAD CMakeFiles/dev_hid_mouse_lite_bm.dir/usb_device_ch9.c.obj
LOAD CMakeFiles/dev_hid_mouse_lite_bm.dir/usb_device_descriptor.c.obj
LOAD CMakeFiles/dev_hid_mouse_lite_bm.dir/usb_device_hid.c.obj
LOAD CMakeFiles/dev_hid_mouse_lite_bm.dir/29a00879e1c5faf8b37c5641660ccc0a/_boards/frdmmcxa153/usb_examples/usb_device_hid_mouse_lite/bm/hardware_init.c.obj
LOAD CMakeFiles/dev_hid_mouse_lite_bm.dir/9ef1fa5c10a3075228c764f52c670508/examples/_boards/frdmmcxa153/usb_examples/usb_device_hid_mouse_lite/bm/pin_mux.c.obj
START GROUP
LOAD C:/Users/ALEXPR~1/MCUXPR~1/ARM-GN~1.REL/bin/../lib/gcc/arm-none-eabi/14.2.1/thumb/v8-m.main/nofp\libm.a
LOAD C:/Users/ALEXPR~1/MCUXPR~1/ARM-GN~1.REL/bin/../lib/gcc/arm-none-eabi/14.2.1/thumb/v8-m.main/nofp\libc_nano.a
LOAD C:/Users/ALEXPR~1/MCUXPR~1/ARM-GN~1.REL/bin/../lib/gcc/arm-none-eabi/14.2.1/thumb/v8-m.main/nofp\libgcc.a
LOAD C:/Users/ALEXPR~1/MCUXPR~1/ARM-GN~1.REL/bin/../lib/gcc/arm-none-eabi/14.2.1/thumb/v8-m.main/nofp\libnosys.a
END GROUP
START GROUP
LOAD C:/Users/ALEXPR~1/MCUXPR~1/ARM-GN~1.REL/bin/../lib/gcc/arm-none-eabi/14.2.1/thumb/v8-m.main/nofp\libgcc.a
LOAD C:/Users/ALEXPR~1/MCUXPR~1/ARM-GN~1.REL/bin/../lib/gcc/arm-none-eabi/14.2.1/thumb/v8-m.main/nofp\libg_nano.a
LOAD C:/Users/ALEXPR~1/MCUXPR~1/ARM-GN~1.REL/bin/../lib/gcc/arm-none-eabi/14.2.1/thumb/v8-m.main/nofp\libc_nano.a
END GROUP
START GROUP
LOAD C:/Users/ALEXPR~1/MCUXPR~1/ARM-GN~1.REL/bin/../lib/gcc/arm-none-eabi/14.2.1/thumb/v8-m.main/nofp\libgcc.a
LOAD C:/Users/ALEXPR~1/MCUXPR~1/ARM-GN~1.REL/bin/../lib/gcc/arm-none-eabi/14.2.1/thumb/v8-m.main/nofp\libc_nano.a
LOAD C:/Users/ALEXPR~1/MCUXPR~1/ARM-GN~1.REL/bin/../lib/gcc/arm-none-eabi/14.2.1/thumb/v8-m.main/nofp\libnosys.a
END GROUP
START GROUP
LOAD C:/Users/ALEXPR~1/MCUXPR~1/ARM-GN~1.REL/bin/../lib/gcc/arm-none-eabi/14.2.1/thumb/v8-m.main/nofp\libgcc.a
LOAD C:/Users/ALEXPR~1/MCUXPR~1/ARM-GN~1.REL/bin/../lib/gcc/arm-none-eabi/14.2.1/thumb/v8-m.main/nofp\libc_nano.a
LOAD C:/Users/ALEXPR~1/MCUXPR~1/ARM-GN~1.REL/bin/../lib/gcc/arm-none-eabi/14.2.1/thumb/v8-m.main/nofp\libnosys.a
END GROUP
LOAD C:/Users/ALEXPR~1/MCUXPR~1/ARM-GN~1.REL/bin/../lib/gcc/arm-none-eabi/14.2.1/thumb/v8-m.main/nofp/crtend.o
LOAD C:/Users/ALEXPR~1/MCUXPR~1/ARM-GN~1.REL/bin/../lib/gcc/arm-none-eabi/14.2.1/thumb/v8-m.main/nofp/crtn.o
                0x00000800                        HEAP_SIZE = DEFINED (__heap_size__)?__heap_size__:0x400
                0x00000800                        STACK_SIZE = DEFINED (__stack_size__)?__stack_size__:0x800

.interrupts     0x00000000      0x180
                0x00000000                        . = ALIGN (0x4)
 *(.isr_vector)
 .isr_vector    0x00000000      0x180 CMakeFiles/dev_hid_mouse_lite_bm.dir/C_/WORKSPACE/proiecte/ipcei-lab/src/sdks/mcuxsdk/devices/MCX/MCXA/MCXA153/gcc/startup_MCXA153.S.obj
                0x00000000                __Vectors
                0x00000180                        . = ALIGN (0x4)

.text           0x00000200     0x6294
                0x00000200                        . = ALIGN (0x4)
 *(.text)
 .text          0x00000200       0x7c C:/Users/ALEXPR~1/MCUXPR~1/ARM-GN~1.REL/bin/../lib/gcc/arm-none-eabi/14.2.1/thumb/v8-m.main/nofp/crt0.o
                0x00000200                _stack_init
                0x00000208                _start
                0x00000208                _mainCRTStartup
 .text          0x0000027c      0x340 CMakeFiles/dev_hid_mouse_lite_bm.dir/C_/WORKSPACE/proiecte/ipcei-lab/src/sdks/mcuxsdk/devices/MCX/MCXA/MCXA153/gcc/startup_MCXA153.S.obj
                0x0000027c                Reset_Handler
                0x00000310                SCG0_DriverIRQHandler
                0x00000310                CMC_DriverIRQHandler
                0x00000310                OS_EVENT_DriverIRQHandler
                0x00000310                WUU0_DriverIRQHandler
                0x00000310                Reserved50_DriverIRQHandler
                0x00000310                DebugMon_Handler
                0x00000310                FLEXPWM0_SUBMODULE0_DriverIRQHandler
                0x00000310                Reserved33_DriverIRQHandler
                0x00000310                I3C0_DriverIRQHandler
                0x00000310                Reserved39_DriverIRQHandler
                0x00000310                GPIO1_DriverIRQHandler
                0x00000310                Reserved86_DriverIRQHandler
                0x00000310                Reserved37_DriverIRQHandler
                0x00000310                Reserved46_DriverIRQHandler
                0x00000310                Reserved43_DriverIRQHandler
                0x00000310                WAKETIMER0_DriverIRQHandler
                0x00000310                BusFault_Handler
                0x00000310                MBC0_DriverIRQHandler
                0x00000310                SPC0_DriverIRQHandler
                0x00000310                LPTMR0_DriverIRQHandler
                0x00000310                DMA_CH1_DriverIRQHandler
                0x00000310                Reserved58_DriverIRQHandler
                0x00000310                FLEXPWM0_SUBMODULE1_DriverIRQHandler
                0x00000310                DMA_CH0_DriverIRQHandler
                0x00000310                Reserved59_DriverIRQHandler
                0x00000310                CDOG0_DriverIRQHandler
                0x00000310                LPI2C0_DriverIRQHandler
                0x00000310                FLEXPWM0_RELOAD_ERROR_DriverIRQHandler
                0x00000310                CMP0_DriverIRQHandler
                0x00000310                QDC0_HOME_DriverIRQHandler
                0x00000310                ADC0_DriverIRQHandler
                0x00000310                Reserved85_DriverIRQHandler
                0x00000310                Reserved82_DriverIRQHandler
                0x00000310                GPIO2_DriverIRQHandler
                0x00000310                Reserved16_DriverIRQHandler
                0x00000310                Reserved77_DriverIRQHandler
                0x00000310                LPSPI1_DriverIRQHandler
                0x00000310                QDC0_WATCHDOG_DriverIRQHandler
                0x00000310                ERM0_MULTI_BIT_DriverIRQHandler
                0x00000310                FMU0_DriverIRQHandler
                0x00000310                Reserved94_DriverIRQHandler
                0x00000310                Reserved25_DriverIRQHandler
                0x00000310                Reserved36_DriverIRQHandler
                0x00000310                Reserved51_DriverIRQHandler
                0x00000310                MemManage_Handler
                0x00000310                DMA_CH2_DriverIRQHandler
                0x00000310                CTIMER2_DriverIRQHandler
                0x00000310                UsageFault_Handler
                0x00000310                CMP1_DriverIRQHandler
                0x00000310                ERM0_SINGLE_BIT_DriverIRQHandler
                0x00000310                Reserved65_DriverIRQHandler
                0x00000310                DefaultISR
                0x00000310                USB0_DriverIRQHandler
                0x00000310                Reserved93_DriverIRQHandler
                0x00000310                Reserved23_DriverIRQHandler
                0x00000310                QDC0_INDEX_DriverIRQHandler
                0x00000310                Reserved72_DriverIRQHandler
                0x00000310                Reserved83_DriverIRQHandler
                0x00000310                DMA_CH3_DriverIRQHandler
                0x00000310                LPSPI0_DriverIRQHandler
                0x00000310                Reserved95_DriverIRQHandler
                0x00000310                UTICK0_DriverIRQHandler
                0x00000310                Reserved92_DriverIRQHandler
                0x00000310                Reserved41_DriverIRQHandler
                0x00000310                FLEXPWM0_SUBMODULE2_DriverIRQHandler
                0x00000310                SecureFault_Handler
                0x00000310                WWDT0_DriverIRQHandler
                0x00000310                QDC0_COMPARE_DriverIRQHandler
                0x00000310                Reserved84_DriverIRQHandler
                0x00000310                CTIMER1_DriverIRQHandler
                0x00000310                Reserved24_DriverIRQHandler
                0x00000310                Reserved91_DriverIRQHandler
                0x00000310                FLEXPWM0_FAULT_DriverIRQHandler
                0x00000310                GLIKEY0_DriverIRQHandler
                0x00000310                Reserved79_DriverIRQHandler
                0x00000310                CTIMER0_DriverIRQHandler
                0x00000310                Reserved35_DriverIRQHandler
                0x00000310                Reserved53_DriverIRQHandler
                0x00000310                GPIO0_DriverIRQHandler
                0x00000310                GPIO3_DriverIRQHandler
                0x00000310                Reserved38_DriverIRQHandler
                0x00000310                FREQME0_DriverIRQHandler
                0x00000310                Reserved22_DriverIRQHandler
                0x00000314                NMI_Handler
                0x00000318                HardFault_Handler
                0x0000031c                SVC_Handler
                0x00000320                PendSV_Handler
                0x00000324                SysTick_Handler
                0x00000328                Reserved16_IRQHandler
                0x0000032c                CMC_IRQHandler
                0x00000330                DMA_CH0_IRQHandler
                0x00000334                DMA_CH1_IRQHandler
                0x00000338                DMA_CH2_IRQHandler
                0x0000033c                DMA_CH3_IRQHandler
                0x00000340                Reserved22_IRQHandler
                0x00000344                Reserved23_IRQHandler
                0x00000348                Reserved24_IRQHandler
                0x0000034c                Reserved25_IRQHandler
                0x00000350                ERM0_SINGLE_BIT_IRQHandler
                0x00000354                ERM0_MULTI_BIT_IRQHandler
                0x00000358                FMU0_IRQHandler
                0x0000035c                GLIKEY0_IRQHandler
                0x00000360                MBC0_IRQHandler
                0x00000364                SCG0_IRQHandler
                0x00000368                SPC0_IRQHandler
                0x0000036c                Reserved33_IRQHandler
                0x00000370                WUU0_IRQHandler
                0x00000374                Reserved35_IRQHandler
                0x00000378                Reserved36_IRQHandler
                0x0000037c                Reserved37_IRQHandler
                0x00000380                Reserved38_IRQHandler
                0x00000384                Reserved39_IRQHandler
                0x00000388                I3C0_IRQHandler
                0x0000038c                Reserved41_IRQHandler
                0x00000390                LPI2C0_IRQHandler
                0x00000394                Reserved43_IRQHandler
                0x00000398                LPSPI0_IRQHandler
                0x0000039c                LPSPI1_IRQHandler
                0x000003a0                Reserved46_IRQHandler
                0x000003a4                LPUART0_IRQHandler
                0x000003a8                LPUART1_IRQHandler
                0x000003ac                LPUART2_IRQHandler
                0x000003b0                Reserved50_IRQHandler
                0x000003b4                Reserved51_IRQHandler
                0x000003bc                Reserved53_IRQHandler
                0x000003c0                CDOG0_IRQHandler
                0x000003c4                CTIMER0_IRQHandler
                0x000003c8                CTIMER1_IRQHandler
                0x000003cc                CTIMER2_IRQHandler
                0x000003d0                Reserved58_IRQHandler
                0x000003d4                Reserved59_IRQHandler
                0x000003d8                FLEXPWM0_RELOAD_ERROR_IRQHandler
                0x000003dc                FLEXPWM0_FAULT_IRQHandler
                0x000003e0                FLEXPWM0_SUBMODULE0_IRQHandler
                0x000003e4                FLEXPWM0_SUBMODULE1_IRQHandler
                0x000003e8                FLEXPWM0_SUBMODULE2_IRQHandler
                0x000003ec                Reserved65_IRQHandler
                0x000003f0                QDC0_COMPARE_IRQHandler
                0x000003f4                QDC0_HOME_IRQHandler
                0x000003f8                QDC0_WATCHDOG_IRQHandler
                0x000003fc                QDC0_INDEX_IRQHandler
                0x00000400                FREQME0_IRQHandler
                0x00000404                LPTMR0_IRQHandler
                0x00000408                Reserved72_IRQHandler
                0x0000040c                OS_EVENT_IRQHandler
                0x00000410                WAKETIMER0_IRQHandler
                0x00000414                UTICK0_IRQHandler
                0x00000418                WWDT0_IRQHandler
                0x0000041c                Reserved77_IRQHandler
                0x00000420                ADC0_IRQHandler
                0x00000424                Reserved79_IRQHandler
                0x00000428                CMP0_IRQHandler
                0x0000042c                CMP1_IRQHandler
                0x00000430                Reserved82_IRQHandler
                0x00000434                Reserved83_IRQHandler
                0x00000438                Reserved84_IRQHandler
                0x0000043c                Reserved85_IRQHandler
                0x00000440                Reserved86_IRQHandler
                0x00000444                GPIO0_IRQHandler
                0x00000448                GPIO1_IRQHandler
                0x0000044c                GPIO2_IRQHandler
                0x00000450                GPIO3_IRQHandler
                0x00000454                Reserved91_IRQHandler
                0x00000458                Reserved92_IRQHandler
                0x0000045c                Reserved93_IRQHandler
                0x00000460                Reserved94_IRQHandler
                0x00000464                Reserved95_IRQHandler
 .text          0x000005bc       0xa0 CMakeFiles/dev_hid_mouse_lite_bm.dir/C_/WORKSPACE/proiecte/ipcei-lab/src/sdks/mcuxsdk/components/misc_utilities/fsl_memcpy.S.obj
                0x000005bc                memcpy
 .text          0x0000065c       0x10 C:/Users/ALEXPR~1/MCUXPR~1/ARM-GN~1.REL/bin/../lib/gcc/arm-none-eabi/14.2.1/thumb/v8-m.main/nofp\libc_nano.a(libc_a-strlen.o)
                0x0000065c                strlen
 .text          0x0000066c       0x30 C:/Users/ALEXPR~1/MCUXPR~1/ARM-GN~1.REL/bin/../lib/gcc/arm-none-eabi/14.2.1/thumb/v8-m.main/nofp\libgcc.a(_aeabi_uldivmod.o)
                0x0000066c                __aeabi_uldivmod
 .text          0x0000069c        0x4 C:/Users/ALEXPR~1/MCUXPR~1/ARM-GN~1.REL/bin/../lib/gcc/arm-none-eabi/14.2.1/thumb/v8-m.main/nofp\libgcc.a(_dvmd_tls.o)
                0x0000069c                __aeabi_idiv0
                0x0000069c                __aeabi_ldiv0
 *(.text*)
 .text.deregister_tm_clones
                0x000006a0       0x1c C:/Users/ALEXPR~1/MCUXPR~1/ARM-GN~1.REL/bin/../lib/gcc/arm-none-eabi/14.2.1/thumb/v8-m.main/nofp/crtbegin.o
 .text.register_tm_clones
                0x000006bc       0x28 C:/Users/ALEXPR~1/MCUXPR~1/ARM-GN~1.REL/bin/../lib/gcc/arm-none-eabi/14.2.1/thumb/v8-m.main/nofp/crtbegin.o
 .text.__do_global_dtors_aux
                0x000006e4       0x28 C:/Users/ALEXPR~1/MCUXPR~1/ARM-GN~1.REL/bin/../lib/gcc/arm-none-eabi/14.2.1/thumb/v8-m.main/nofp/crtbegin.o
 .text.frame_dummy
                0x0000070c       0x24 C:/Users/ALEXPR~1/MCUXPR~1/ARM-GN~1.REL/bin/../lib/gcc/arm-none-eabi/14.2.1/thumb/v8-m.main/nofp/crtbegin.o
 .text.SystemInit
                0x00000730      0x140 CMakeFiles/dev_hid_mouse_lite_bm.dir/C_/WORKSPACE/proiecte/ipcei-lab/src/sdks/mcuxsdk/devices/MCX/MCXA/MCXA153/system_MCXA153.c.obj
                0x00000730                SystemInit
 .text.SystemInitHook
                0x00000870        0xc CMakeFiles/dev_hid_mouse_lite_bm.dir/C_/WORKSPACE/proiecte/ipcei-lab/src/sdks/mcuxsdk/devices/MCX/MCXA/MCXA153/system_MCXA153.c.obj
                0x00000870                SystemInitHook
 .text.CLOCK_EnableClock
                0x0000087c       0x88 CMakeFiles/dev_hid_mouse_lite_bm.dir/C_/WORKSPACE/proiecte/ipcei-lab/src/sdks/mcuxsdk/devices/MCX/MCXA/MCXA153/drivers/fsl_clock.c.obj
 .text.CLOCK_AttachClk
                0x00000904       0x30 CMakeFiles/dev_hid_mouse_lite_bm.dir/C_/WORKSPACE/proiecte/ipcei-lab/src/sdks/mcuxsdk/devices/MCX/MCXA/MCXA153/drivers/fsl_clock.c.obj
                0x00000904                CLOCK_AttachClk
 .text.CLOCK_SetClockSelect
                0x00000934       0xa4 CMakeFiles/dev_hid_mouse_lite_bm.dir/C_/WORKSPACE/proiecte/ipcei-lab/src/sdks/mcuxsdk/devices/MCX/MCXA/MCXA153/drivers/fsl_clock.c.obj
                0x00000934                CLOCK_SetClockSelect
 .text.CLOCK_SetClockDiv
                0x000009d8       0x88 CMakeFiles/dev_hid_mouse_lite_bm.dir/C_/WORKSPACE/proiecte/ipcei-lab/src/sdks/mcuxsdk/devices/MCX/MCXA/MCXA153/drivers/fsl_clock.c.obj
                0x000009d8                CLOCK_SetClockDiv
 .text.CLOCK_SetupFROHFClocking
                0x00000a60       0xf4 CMakeFiles/dev_hid_mouse_lite_bm.dir/C_/WORKSPACE/proiecte/ipcei-lab/src/sdks/mcuxsdk/devices/MCX/MCXA/MCXA153/drivers/fsl_clock.c.obj
                0x00000a60                CLOCK_SetupFROHFClocking
 .text.CLOCK_SetupFRO12MClocking
                0x00000b54       0x54 CMakeFiles/dev_hid_mouse_lite_bm.dir/C_/WORKSPACE/proiecte/ipcei-lab/src/sdks/mcuxsdk/devices/MCX/MCXA/MCXA153/drivers/fsl_clock.c.obj
                0x00000b54                CLOCK_SetupFRO12MClocking
 .text.CLOCK_GetFro12MFreq
                0x00000ba8       0x28 CMakeFiles/dev_hid_mouse_lite_bm.dir/C_/WORKSPACE/proiecte/ipcei-lab/src/sdks/mcuxsdk/devices/MCX/MCXA/MCXA153/drivers/fsl_clock.c.obj
 .text.CLOCK_GetFroHfFreq
                0x00000bd0       0xc0 CMakeFiles/dev_hid_mouse_lite_bm.dir/C_/WORKSPACE/proiecte/ipcei-lab/src/sdks/mcuxsdk/devices/MCX/MCXA/MCXA153/drivers/fsl_clock.c.obj
 .text.CLOCK_GetClk16KFreq
                0x00000c90       0x48 CMakeFiles/dev_hid_mouse_lite_bm.dir/C_/WORKSPACE/proiecte/ipcei-lab/src/sdks/mcuxsdk/devices/MCX/MCXA/MCXA153/drivers/fsl_clock.c.obj
 .text.CLOCK_GetExtClkFreq
                0x00000cd8       0x2c CMakeFiles/dev_hid_mouse_lite_bm.dir/C_/WORKSPACE/proiecte/ipcei-lab/src/sdks/mcuxsdk/devices/MCX/MCXA/MCXA153/drivers/fsl_clock.c.obj
 .text.CLOCK_GetMainClk
                0x00000d04       0x68 CMakeFiles/dev_hid_mouse_lite_bm.dir/C_/WORKSPACE/proiecte/ipcei-lab/src/sdks/mcuxsdk/devices/MCX/MCXA/MCXA153/drivers/fsl_clock.c.obj
                0x00000d04                CLOCK_GetMainClk
 .text.CLOCK_GetCoreSysClkFreq
                0x00000d6c       0x20 CMakeFiles/dev_hid_mouse_lite_bm.dir/C_/WORKSPACE/proiecte/ipcei-lab/src/sdks/mcuxsdk/devices/MCX/MCXA/MCXA153/drivers/fsl_clock.c.obj
                0x00000d6c                CLOCK_GetCoreSysClkFreq
 .text.CLOCK_EnableUsbfsClock
                0x00000d8c       0x50 CMakeFiles/dev_hid_mouse_lite_bm.dir/C_/WORKSPACE/proiecte/ipcei-lab/src/sdks/mcuxsdk/devices/MCX/MCXA/MCXA153/drivers/fsl_clock.c.obj
                0x00000d8c                CLOCK_EnableUsbfsClock
 .text.RESET_SetPeripheralReset
                0x00000ddc       0xc8 CMakeFiles/dev_hid_mouse_lite_bm.dir/C_/WORKSPACE/proiecte/ipcei-lab/src/sdks/mcuxsdk/devices/MCX/MCXA/MCXA153/drivers/fsl_reset.c.obj
                0x00000ddc                RESET_SetPeripheralReset
 .text.RESET_ClearPeripheralReset
                0x00000ea4       0xa8 CMakeFiles/dev_hid_mouse_lite_bm.dir/C_/WORKSPACE/proiecte/ipcei-lab/src/sdks/mcuxsdk/devices/MCX/MCXA/MCXA153/drivers/fsl_reset.c.obj
                0x00000ea4                RESET_ClearPeripheralReset
 .text.RESET_PeripheralReset
                0x00000f4c       0x22 CMakeFiles/dev_hid_mouse_lite_bm.dir/C_/WORKSPACE/proiecte/ipcei-lab/src/sdks/mcuxsdk/devices/MCX/MCXA/MCXA153/drivers/fsl_reset.c.obj
                0x00000f4c                RESET_PeripheralReset
 *fill*         0x00000f6e        0x2 
 .text.BOARD_InitDebugConsole
                0x00000f70       0x30 CMakeFiles/dev_hid_mouse_lite_bm.dir/C_/WORKSPACE/proiecte/ipcei-lab/src/sdks/mcuxsdk/examples/_boards/frdmmcxa153/board.c.obj
                0x00000f70                BOARD_InitDebugConsole
 .text.BOARD_InitBootClocks
                0x00000fa0        0xc CMakeFiles/dev_hid_mouse_lite_bm.dir/C_/WORKSPACE/proiecte/ipcei-lab/src/sdks/mcuxsdk/examples/_boards/frdmmcxa153/clock_config.c.obj
                0x00000fa0                BOARD_InitBootClocks
 .text.BOARD_BootClockFRO96M
                0x00000fac       0xd0 CMakeFiles/dev_hid_mouse_lite_bm.dir/C_/WORKSPACE/proiecte/ipcei-lab/src/sdks/mcuxsdk/examples/_boards/frdmmcxa153/clock_config.c.obj
                0x00000fac                BOARD_BootClockFRO96M
 .text.DelayLoop
                0x0000107c       0x1e CMakeFiles/dev_hid_mouse_lite_bm.dir/C_/WORKSPACE/proiecte/ipcei-lab/src/sdks/mcuxsdk/drivers/common/fsl_common_arm.c.obj
 *fill*         0x0000109a        0x2 
 .text.SDK_DelayAtLeastUs
                0x0000109c       0x98 CMakeFiles/dev_hid_mouse_lite_bm.dir/C_/WORKSPACE/proiecte/ipcei-lab/src/sdks/mcuxsdk/drivers/common/fsl_common_arm.c.obj
                0x0000109c                SDK_DelayAtLeastUs
 .text.CLOCK_EnableClock
                0x00001134       0x88 CMakeFiles/dev_hid_mouse_lite_bm.dir/C_/WORKSPACE/proiecte/ipcei-lab/src/sdks/mcuxsdk/drivers/lpuart/fsl_lpuart.c.obj
 .text.RESET_ReleasePeripheralReset
                0x000011bc       0x1a CMakeFiles/dev_hid_mouse_lite_bm.dir/C_/WORKSPACE/proiecte/ipcei-lab/src/sdks/mcuxsdk/drivers/lpuart/fsl_lpuart.c.obj
 .text.LPUART_SoftwareReset
                0x000011d6       0x2a CMakeFiles/dev_hid_mouse_lite_bm.dir/C_/WORKSPACE/proiecte/ipcei-lab/src/sdks/mcuxsdk/drivers/lpuart/fsl_lpuart.c.obj
 .text.LPUART_GetInstance
                0x00001200       0x58 CMakeFiles/dev_hid_mouse_lite_bm.dir/C_/WORKSPACE/proiecte/ipcei-lab/src/sdks/mcuxsdk/drivers/lpuart/fsl_lpuart.c.obj
                0x00001200                LPUART_GetInstance
 .text.LPUART_Init
                0x00001258      0x400 CMakeFiles/dev_hid_mouse_lite_bm.dir/C_/WORKSPACE/proiecte/ipcei-lab/src/sdks/mcuxsdk/drivers/lpuart/fsl_lpuart.c.obj
                0x00001258                LPUART_Init
 .text.LPUART_GetDefaultConfig
                0x00001658       0xb0 CMakeFiles/dev_hid_mouse_lite_bm.dir/C_/WORKSPACE/proiecte/ipcei-lab/src/sdks/mcuxsdk/drivers/lpuart/fsl_lpuart.c.obj
                0x00001658                LPUART_GetDefaultConfig
 .text.LPUART_GetStatusFlags
                0x00001708       0x38 CMakeFiles/dev_hid_mouse_lite_bm.dir/C_/WORKSPACE/proiecte/ipcei-lab/src/sdks/mcuxsdk/drivers/lpuart/fsl_lpuart.c.obj
                0x00001708                LPUART_GetStatusFlags
 .text.LPUART_ClearStatusFlags
                0x00001740       0x7c CMakeFiles/dev_hid_mouse_lite_bm.dir/C_/WORKSPACE/proiecte/ipcei-lab/src/sdks/mcuxsdk/drivers/lpuart/fsl_lpuart.c.obj
                0x00001740                LPUART_ClearStatusFlags
 .text.LPUART_WriteBlocking
                0x000017bc       0x78 CMakeFiles/dev_hid_mouse_lite_bm.dir/C_/WORKSPACE/proiecte/ipcei-lab/src/sdks/mcuxsdk/drivers/lpuart/fsl_lpuart.c.obj
                0x000017bc                LPUART_WriteBlocking
 .text.LPUART_WaitForReadData
                0x00001834       0xd0 CMakeFiles/dev_hid_mouse_lite_bm.dir/C_/WORKSPACE/proiecte/ipcei-lab/src/sdks/mcuxsdk/drivers/lpuart/fsl_lpuart.c.obj
 .text.LPUART_ReadBlocking
                0x00001904       0xc0 CMakeFiles/dev_hid_mouse_lite_bm.dir/C_/WORKSPACE/proiecte/ipcei-lab/src/sdks/mcuxsdk/drivers/lpuart/fsl_lpuart.c.obj
                0x00001904                LPUART_ReadBlocking
 .text.LPUART0_DriverIRQHandler
                0x000019c4       0x24 CMakeFiles/dev_hid_mouse_lite_bm.dir/C_/WORKSPACE/proiecte/ipcei-lab/src/sdks/mcuxsdk/drivers/lpuart/fsl_lpuart.c.obj
                0x000019c4                LPUART0_DriverIRQHandler
 .text.LPUART1_DriverIRQHandler
                0x000019e8       0x24 CMakeFiles/dev_hid_mouse_lite_bm.dir/C_/WORKSPACE/proiecte/ipcei-lab/src/sdks/mcuxsdk/drivers/lpuart/fsl_lpuart.c.obj
                0x000019e8                LPUART1_DriverIRQHandler
 .text.LPUART2_DriverIRQHandler
                0x00001a0c       0x24 CMakeFiles/dev_hid_mouse_lite_bm.dir/C_/WORKSPACE/proiecte/ipcei-lab/src/sdks/mcuxsdk/drivers/lpuart/fsl_lpuart.c.obj
                0x00001a0c                LPUART2_DriverIRQHandler
 .text.SPC_GetActiveModeBandgapMode
                0x00001a30       0x20 CMakeFiles/dev_hid_mouse_lite_bm.dir/C_/WORKSPACE/proiecte/ipcei-lab/src/sdks/mcuxsdk/drivers/mcx_spc/fsl_spc.c.obj
 .text.SPC_GetActiveModeVoltageDetectStatus
                0x00001a50       0x20 CMakeFiles/dev_hid_mouse_lite_bm.dir/C_/WORKSPACE/proiecte/ipcei-lab/src/sdks/mcuxsdk/drivers/mcx_spc/fsl_spc.c.obj
 .text.SPC_GetActiveModeCoreLDOVDDVoltageLevel
                0x00001a70       0x20 CMakeFiles/dev_hid_mouse_lite_bm.dir/C_/WORKSPACE/proiecte/ipcei-lab/src/sdks/mcuxsdk/drivers/mcx_spc/fsl_spc.c.obj
 .text.SPC_GetActiveModeCoreLDODriveStrength
                0x00001a90       0x20 CMakeFiles/dev_hid_mouse_lite_bm.dir/C_/WORKSPACE/proiecte/ipcei-lab/src/sdks/mcuxsdk/drivers/mcx_spc/fsl_spc.c.obj
 .text.SPC_SetSRAMOperateVoltage
                0x00001ab0       0x68 CMakeFiles/dev_hid_mouse_lite_bm.dir/C_/WORKSPACE/proiecte/ipcei-lab/src/sdks/mcuxsdk/drivers/mcx_spc/fsl_spc.c.obj
                0x00001ab0                SPC_SetSRAMOperateVoltage
 .text.SPC_SetActiveModeCoreLDORegulatorConfig
                0x00001b18       0x94 CMakeFiles/dev_hid_mouse_lite_bm.dir/C_/WORKSPACE/proiecte/ipcei-lab/src/sdks/mcuxsdk/drivers/mcx_spc/fsl_spc.c.obj
                0x00001b18                SPC_SetActiveModeCoreLDORegulatorConfig
 .text.SPC_SetActiveModeCoreLDORegulatorVoltageLevel
                0x00001bac       0x60 CMakeFiles/dev_hid_mouse_lite_bm.dir/C_/WORKSPACE/proiecte/ipcei-lab/src/sdks/mcuxsdk/drivers/mcx_spc/fsl_spc.c.obj
                0x00001bac                SPC_SetActiveModeCoreLDORegulatorVoltageLevel
 .text.SPC_SetActiveModeCoreLDORegulatorDriveStrength
                0x00001c0c       0x5e CMakeFiles/dev_hid_mouse_lite_bm.dir/C_/WORKSPACE/proiecte/ipcei-lab/src/sdks/mcuxsdk/drivers/mcx_spc/fsl_spc.c.obj
                0x00001c0c                SPC_SetActiveModeCoreLDORegulatorDriveStrength
 .text.fsl_assert_hook
                0x00001c6a       0x18 CMakeFiles/dev_hid_mouse_lite_bm.dir/C_/WORKSPACE/proiecte/ipcei-lab/src/sdks/mcuxsdk/components/assert/fsl_assert.c.obj
                0x00001c6a                fsl_assert_hook
 *fill*         0x00001c82        0x2 
 .text.__assert_func
                0x00001c84       0x40 CMakeFiles/dev_hid_mouse_lite_bm.dir/C_/WORKSPACE/proiecte/ipcei-lab/src/sdks/mcuxsdk/components/assert/fsl_assert.c.obj
                0x00001c84                __assert_func
 .text.DbgConsole_Init
                0x00001cc4       0x88 CMakeFiles/dev_hid_mouse_lite_bm.dir/C_/WORKSPACE/proiecte/ipcei-lab/src/sdks/mcuxsdk/components/debug_console_lite/fsl_debug_console.c.obj
                0x00001cc4                DbgConsole_Init
 .text.DbgConsole_Printf
                0x00001d4c       0x2c CMakeFiles/dev_hid_mouse_lite_bm.dir/C_/WORKSPACE/proiecte/ipcei-lab/src/sdks/mcuxsdk/components/debug_console_lite/fsl_debug_console.c.obj
                0x00001d4c                DbgConsole_Printf
 .text.DbgConsole_Vprintf
                0x00001d78       0x3c CMakeFiles/dev_hid_mouse_lite_bm.dir/C_/WORKSPACE/proiecte/ipcei-lab/src/sdks/mcuxsdk/components/debug_console_lite/fsl_debug_console.c.obj
                0x00001d78                DbgConsole_Vprintf
 .text.DbgConsole_Putchar
                0x00001db4       0x30 CMakeFiles/dev_hid_mouse_lite_bm.dir/C_/WORKSPACE/proiecte/ipcei-lab/src/sdks/mcuxsdk/components/debug_console_lite/fsl_debug_console.c.obj
                0x00001db4                DbgConsole_Putchar
 .text.DbgConsole_PrintfPaddingCharacter
                0x00001de4       0x40 CMakeFiles/dev_hid_mouse_lite_bm.dir/C_/WORKSPACE/proiecte/ipcei-lab/src/sdks/mcuxsdk/components/debug_console_lite/fsl_debug_console.c.obj
 .text.DbgConsole_ConvertRadixNumToString
                0x00001e24       0xc0 CMakeFiles/dev_hid_mouse_lite_bm.dir/C_/WORKSPACE/proiecte/ipcei-lab/src/sdks/mcuxsdk/components/debug_console_lite/fsl_debug_console.c.obj
 .text.DbgConsole_PrintfFormattedData
                0x00001ee4      0x3e0 CMakeFiles/dev_hid_mouse_lite_bm.dir/C_/WORKSPACE/proiecte/ipcei-lab/src/sdks/mcuxsdk/components/debug_console_lite/fsl_debug_console.c.obj
 .text.DisableGlobalIRQ
                0x000022c4       0x20 CMakeFiles/dev_hid_mouse_lite_bm.dir/C_/WORKSPACE/proiecte/ipcei-lab/src/sdks/mcuxsdk/components/osa/fsl_os_abstraction_bm.c.obj
 .text.EnableGlobalIRQ
                0x000022e4       0x1e CMakeFiles/dev_hid_mouse_lite_bm.dir/C_/WORKSPACE/proiecte/ipcei-lab/src/sdks/mcuxsdk/components/osa/fsl_os_abstraction_bm.c.obj
 .text.OSA_EnterCritical
                0x00002302       0x1a CMakeFiles/dev_hid_mouse_lite_bm.dir/C_/WORKSPACE/proiecte/ipcei-lab/src/sdks/mcuxsdk/components/osa/fsl_os_abstraction_bm.c.obj
                0x00002302                OSA_EnterCritical
 .text.OSA_ExitCritical
                0x0000231c       0x16 CMakeFiles/dev_hid_mouse_lite_bm.dir/C_/WORKSPACE/proiecte/ipcei-lab/src/sdks/mcuxsdk/components/osa/fsl_os_abstraction_bm.c.obj
                0x0000231c                OSA_ExitCritical
 .text.HAL_UartGetStatus
                0x00002332       0x26 CMakeFiles/dev_hid_mouse_lite_bm.dir/C_/WORKSPACE/proiecte/ipcei-lab/src/sdks/mcuxsdk/components/uart/fsl_adapter_lpuart.c.obj
 .text.HAL_UartInitCommon
                0x00002358       0xe0 CMakeFiles/dev_hid_mouse_lite_bm.dir/C_/WORKSPACE/proiecte/ipcei-lab/src/sdks/mcuxsdk/components/uart/fsl_adapter_lpuart.c.obj
 .text.HAL_UartInit
                0x00002438       0xac CMakeFiles/dev_hid_mouse_lite_bm.dir/C_/WORKSPACE/proiecte/ipcei-lab/src/sdks/mcuxsdk/components/uart/fsl_adapter_lpuart.c.obj
                0x00002438                HAL_UartInit
 .text.HAL_UartReceiveBlocking
                0x000024e4       0x8c CMakeFiles/dev_hid_mouse_lite_bm.dir/C_/WORKSPACE/proiecte/ipcei-lab/src/sdks/mcuxsdk/components/uart/fsl_adapter_lpuart.c.obj
                0x000024e4                HAL_UartReceiveBlocking
 .text.HAL_UartSendBlocking
                0x00002570       0x84 CMakeFiles/dev_hid_mouse_lite_bm.dir/C_/WORKSPACE/proiecte/ipcei-lab/src/sdks/mcuxsdk/components/uart/fsl_adapter_lpuart.c.obj
                0x00002570                HAL_UartSendBlocking
 .text.USB_DeviceKhciEndpointTransfer
                0x000025f4      0x10c CMakeFiles/dev_hid_mouse_lite_bm.dir/C_/WORKSPACE/proiecte/ipcei-lab/src/sdks/mcuxsdk/middleware/usb/device/usb_device_khci.c.obj
 .text.USB_DeviceKhciPrimeNextSetup
                0x00002700       0x64 CMakeFiles/dev_hid_mouse_lite_bm.dir/C_/WORKSPACE/proiecte/ipcei-lab/src/sdks/mcuxsdk/middleware/usb/device/usb_device_khci.c.obj
 .text.USB_DeviceKhciSetDefaultState
                0x00002764      0x156 CMakeFiles/dev_hid_mouse_lite_bm.dir/C_/WORKSPACE/proiecte/ipcei-lab/src/sdks/mcuxsdk/middleware/usb/device/usb_device_khci.c.obj
 .text.USB_DeviceKhciEndpointInit
                0x000028ba      0x246 CMakeFiles/dev_hid_mouse_lite_bm.dir/C_/WORKSPACE/proiecte/ipcei-lab/src/sdks/mcuxsdk/middleware/usb/device/usb_device_khci.c.obj
 .text.USB_DeviceKhciEndpointDeinit
                0x00002b00       0x5c CMakeFiles/dev_hid_mouse_lite_bm.dir/C_/WORKSPACE/proiecte/ipcei-lab/src/sdks/mcuxsdk/middleware/usb/device/usb_device_khci.c.obj
 .text.USB_DeviceKhciEndpointStall
                0x00002b5c      0x23e CMakeFiles/dev_hid_mouse_lite_bm.dir/C_/WORKSPACE/proiecte/ipcei-lab/src/sdks/mcuxsdk/middleware/usb/device/usb_device_khci.c.obj
 .text.USB_DeviceKhciEndpointUnstall
                0x00002d9a      0x1b8 CMakeFiles/dev_hid_mouse_lite_bm.dir/C_/WORKSPACE/proiecte/ipcei-lab/src/sdks/mcuxsdk/middleware/usb/device/usb_device_khci.c.obj
 .text.USB_DeviceKhciInterruptTokenDone
                0x00002f52      0x538 CMakeFiles/dev_hid_mouse_lite_bm.dir/C_/WORKSPACE/proiecte/ipcei-lab/src/sdks/mcuxsdk/middleware/usb/device/usb_device_khci.c.obj
 .text.USB_DeviceKhciInterruptReset
                0x0000348a       0x42 CMakeFiles/dev_hid_mouse_lite_bm.dir/C_/WORKSPACE/proiecte/ipcei-lab/src/sdks/mcuxsdk/middleware/usb/device/usb_device_khci.c.obj
 .text.USB_DeviceKhciInterruptStall
                0x000034cc       0x5c CMakeFiles/dev_hid_mouse_lite_bm.dir/C_/WORKSPACE/proiecte/ipcei-lab/src/sdks/mcuxsdk/middleware/usb/device/usb_device_khci.c.obj
 .text.USB_DeviceKhciInit
                0x00003528       0xec CMakeFiles/dev_hid_mouse_lite_bm.dir/C_/WORKSPACE/proiecte/ipcei-lab/src/sdks/mcuxsdk/middleware/usb/device/usb_device_khci.c.obj
                0x00003528                USB_DeviceKhciInit
 .text.USB_DeviceKhciDeinit
                0x00003614       0x62 CMakeFiles/dev_hid_mouse_lite_bm.dir/C_/WORKSPACE/proiecte/ipcei-lab/src/sdks/mcuxsdk/middleware/usb/device/usb_device_khci.c.obj
                0x00003614                USB_DeviceKhciDeinit
 .text.USB_DeviceKhciSend
                0x00003676      0x11c CMakeFiles/dev_hid_mouse_lite_bm.dir/C_/WORKSPACE/proiecte/ipcei-lab/src/sdks/mcuxsdk/middleware/usb/device/usb_device_khci.c.obj
                0x00003676                USB_DeviceKhciSend
 .text.USB_DeviceKhciRecv
                0x00003792      0x160 CMakeFiles/dev_hid_mouse_lite_bm.dir/C_/WORKSPACE/proiecte/ipcei-lab/src/sdks/mcuxsdk/middleware/usb/device/usb_device_khci.c.obj
                0x00003792                USB_DeviceKhciRecv
 .text.USB_DeviceKhciCancel
                0x000038f2       0x86 CMakeFiles/dev_hid_mouse_lite_bm.dir/C_/WORKSPACE/proiecte/ipcei-lab/src/sdks/mcuxsdk/middleware/usb/device/usb_device_khci.c.obj
                0x000038f2                USB_DeviceKhciCancel
 .text.USB_DeviceKhciControl
                0x00003978      0x268 CMakeFiles/dev_hid_mouse_lite_bm.dir/C_/WORKSPACE/proiecte/ipcei-lab/src/sdks/mcuxsdk/middleware/usb/device/usb_device_khci.c.obj
                0x00003978                USB_DeviceKhciControl
 .text.USB_DeviceKhciIsrFunction
                0x00003be0       0x84 CMakeFiles/dev_hid_mouse_lite_bm.dir/C_/WORKSPACE/proiecte/ipcei-lab/src/sdks/mcuxsdk/middleware/usb/device/usb_device_khci.c.obj
                0x00003be0                USB_DeviceKhciIsrFunction
 .text.USB_DeviceAllocateHandle
                0x00003c64       0xe4 CMakeFiles/dev_hid_mouse_lite_bm.dir/C_/WORKSPACE/proiecte/ipcei-lab/src/sdks/mcuxsdk/middleware/usb/device/usb_device_dci.c.obj
 .text.USB_DeviceFreeHandle
                0x00003d48       0x3c CMakeFiles/dev_hid_mouse_lite_bm.dir/C_/WORKSPACE/proiecte/ipcei-lab/src/sdks/mcuxsdk/middleware/usb/device/usb_device_dci.c.obj
 .text.USB_DeviceGetControllerInterface
                0x00003d84       0x3c CMakeFiles/dev_hid_mouse_lite_bm.dir/C_/WORKSPACE/proiecte/ipcei-lab/src/sdks/mcuxsdk/middleware/usb/device/usb_device_dci.c.obj
 .text.USB_DeviceTransfer
                0x00003dc0      0x136 CMakeFiles/dev_hid_mouse_lite_bm.dir/C_/WORKSPACE/proiecte/ipcei-lab/src/sdks/mcuxsdk/middleware/usb/device/usb_device_dci.c.obj
 .text.USB_DeviceControl
                0x00003ef6       0x4c CMakeFiles/dev_hid_mouse_lite_bm.dir/C_/WORKSPACE/proiecte/ipcei-lab/src/sdks/mcuxsdk/middleware/usb/device/usb_device_dci.c.obj
 .text.USB_DeviceResetNotification
                0x00003f42       0x98 CMakeFiles/dev_hid_mouse_lite_bm.dir/C_/WORKSPACE/proiecte/ipcei-lab/src/sdks/mcuxsdk/middleware/usb/device/usb_device_dci.c.obj
 .text.USB_DeviceNotification
                0x00003fda      0x10e CMakeFiles/dev_hid_mouse_lite_bm.dir/C_/WORKSPACE/proiecte/ipcei-lab/src/sdks/mcuxsdk/middleware/usb/device/usb_device_dci.c.obj
 .text.USB_DeviceNotificationTrigger
                0x000040e8       0x40 CMakeFiles/dev_hid_mouse_lite_bm.dir/C_/WORKSPACE/proiecte/ipcei-lab/src/sdks/mcuxsdk/middleware/usb/device/usb_device_dci.c.obj
                0x000040e8                USB_DeviceNotificationTrigger
 .text.USB_DeviceInit
                0x00004128      0x166 CMakeFiles/dev_hid_mouse_lite_bm.dir/C_/WORKSPACE/proiecte/ipcei-lab/src/sdks/mcuxsdk/middleware/usb/device/usb_device_dci.c.obj
                0x00004128                USB_DeviceInit
 .text.USB_DeviceRun
                0x0000428e       0x1c CMakeFiles/dev_hid_mouse_lite_bm.dir/C_/WORKSPACE/proiecte/ipcei-lab/src/sdks/mcuxsdk/middleware/usb/device/usb_device_dci.c.obj
                0x0000428e                USB_DeviceRun
 .text.USB_DeviceDeinit
                0x000042aa       0x42 CMakeFiles/dev_hid_mouse_lite_bm.dir/C_/WORKSPACE/proiecte/ipcei-lab/src/sdks/mcuxsdk/middleware/usb/device/usb_device_dci.c.obj
                0x000042aa                USB_DeviceDeinit
 .text.USB_DeviceSendRequest
                0x000042ec       0x32 CMakeFiles/dev_hid_mouse_lite_bm.dir/C_/WORKSPACE/proiecte/ipcei-lab/src/sdks/mcuxsdk/middleware/usb/device/usb_device_dci.c.obj
                0x000042ec                USB_DeviceSendRequest
 .text.USB_DeviceRecvRequest
                0x0000431e       0x2c CMakeFiles/dev_hid_mouse_lite_bm.dir/C_/WORKSPACE/proiecte/ipcei-lab/src/sdks/mcuxsdk/middleware/usb/device/usb_device_dci.c.obj
                0x0000431e                USB_DeviceRecvRequest
 .text.USB_DeviceInitEndpoint
                0x0000434a       0xbe CMakeFiles/dev_hid_mouse_lite_bm.dir/C_/WORKSPACE/proiecte/ipcei-lab/src/sdks/mcuxsdk/middleware/usb/device/usb_device_dci.c.obj
                0x0000434a                USB_DeviceInitEndpoint
 .text.USB_DeviceDeinitEndpoint
                0x00004408       0xac CMakeFiles/dev_hid_mouse_lite_bm.dir/C_/WORKSPACE/proiecte/ipcei-lab/src/sdks/mcuxsdk/middleware/usb/device/usb_device_dci.c.obj
                0x00004408                USB_DeviceDeinitEndpoint
 .text.USB_DeviceStallEndpoint
                0x000044b4       0x30 CMakeFiles/dev_hid_mouse_lite_bm.dir/C_/WORKSPACE/proiecte/ipcei-lab/src/sdks/mcuxsdk/middleware/usb/device/usb_device_dci.c.obj
                0x000044b4                USB_DeviceStallEndpoint
 .text.USB_DeviceUnstallEndpoint
                0x000044e4       0x30 CMakeFiles/dev_hid_mouse_lite_bm.dir/C_/WORKSPACE/proiecte/ipcei-lab/src/sdks/mcuxsdk/middleware/usb/device/usb_device_dci.c.obj
                0x000044e4                USB_DeviceUnstallEndpoint
 .text.USB_DeviceGetStatus
                0x00004514       0xcc CMakeFiles/dev_hid_mouse_lite_bm.dir/C_/WORKSPACE/proiecte/ipcei-lab/src/sdks/mcuxsdk/middleware/usb/device/usb_device_dci.c.obj
                0x00004514                USB_DeviceGetStatus
 .text.USB_DeviceSetStatus
                0x000045e0      0x118 CMakeFiles/dev_hid_mouse_lite_bm.dir/C_/WORKSPACE/proiecte/ipcei-lab/src/sdks/mcuxsdk/middleware/usb/device/usb_device_dci.c.obj
                0x000045e0                USB_DeviceSetStatus
 .text.USB_DeviceHidMouseAction
                0x000046f8       0x88 CMakeFiles/dev_hid_mouse_lite_bm.dir/mouse.c.obj
 .text.USB_DeviceHidInterruptIn
                0x00004780       0x40 CMakeFiles/dev_hid_mouse_lite_bm.dir/mouse.c.obj
 .text.USB_DeviceCallback
                0x000047c0       0xd0 CMakeFiles/dev_hid_mouse_lite_bm.dir/mouse.c.obj
                0x000047c0                USB_DeviceCallback
 .text.USB_DeviceGetSetupBuffer
                0x00004890       0x2c CMakeFiles/dev_hid_mouse_lite_bm.dir/mouse.c.obj
                0x00004890                USB_DeviceGetSetupBuffer
 .text.USB_DeviceConfigureRemoteWakeup
                0x000048bc       0x18 CMakeFiles/dev_hid_mouse_lite_bm.dir/mouse.c.obj
                0x000048bc                USB_DeviceConfigureRemoteWakeup
 .text.USB_DeviceConfigureEndpointStatus
                0x000048d4       0x60 CMakeFiles/dev_hid_mouse_lite_bm.dir/mouse.c.obj
                0x000048d4                USB_DeviceConfigureEndpointStatus
 .text.USB_DeviceGetClassReceiveBuffer
                0x00004934       0x38 CMakeFiles/dev_hid_mouse_lite_bm.dir/mouse.c.obj
                0x00004934                USB_DeviceGetClassReceiveBuffer
 .text.USB_DeviceProcessClassRequest
                0x0000496c       0x6c CMakeFiles/dev_hid_mouse_lite_bm.dir/mouse.c.obj
                0x0000496c                USB_DeviceProcessClassRequest
 .text.USB_DeviceApplicationInit
                0x000049d8       0x70 CMakeFiles/dev_hid_mouse_lite_bm.dir/mouse.c.obj
 .text.main     0x00004a48       0x10 CMakeFiles/dev_hid_mouse_lite_bm.dir/mouse.c.obj
                0x00004a48                main
 .text.USB_DeviceCh9GetStatus
                0x00004a58       0xfc CMakeFiles/dev_hid_mouse_lite_bm.dir/usb_device_ch9.c.obj
 .text.USB_DeviceCh9SetClearFeature
                0x00004b54       0xdc CMakeFiles/dev_hid_mouse_lite_bm.dir/usb_device_ch9.c.obj
 .text.USB_DeviceCh9SetAddress
                0x00004c30       0xb6 CMakeFiles/dev_hid_mouse_lite_bm.dir/usb_device_ch9.c.obj
 .text.USB_DeviceCh9GetDescriptor
                0x00004ce6       0x56 CMakeFiles/dev_hid_mouse_lite_bm.dir/usb_device_ch9.c.obj
 .text.USB_DeviceCh9GetConfiguration
                0x00004d3c       0x80 CMakeFiles/dev_hid_mouse_lite_bm.dir/usb_device_ch9.c.obj
 .text.USB_DeviceCh9SetConfiguration
                0x00004dbc       0x9a CMakeFiles/dev_hid_mouse_lite_bm.dir/usb_device_ch9.c.obj
 *fill*         0x00004e56        0x2 
 .text.USB_DeviceCh9GetInterface
                0x00004e58       0x80 CMakeFiles/dev_hid_mouse_lite_bm.dir/usb_device_ch9.c.obj
 .text.USB_DeviceCh9SetInterface
                0x00004ed8       0x66 CMakeFiles/dev_hid_mouse_lite_bm.dir/usb_device_ch9.c.obj
 *fill*         0x00004f3e        0x2 
 .text.USB_DeviceCh9SynchFrame
                0x00004f40       0x84 CMakeFiles/dev_hid_mouse_lite_bm.dir/usb_device_ch9.c.obj
 .text.USB_DeviceControlCallbackFeedback
                0x00004fc4       0x9a CMakeFiles/dev_hid_mouse_lite_bm.dir/usb_device_ch9.c.obj
 *fill*         0x0000505e        0x2 
 .text.USB_DeviceControlCallback
                0x00005060      0x270 CMakeFiles/dev_hid_mouse_lite_bm.dir/usb_device_ch9.c.obj
                0x00005060                USB_DeviceControlCallback
 .text.USB_DeviceControlPipeInit
                0x000052d0       0x7c CMakeFiles/dev_hid_mouse_lite_bm.dir/usb_device_ch9.c.obj
                0x000052d0                USB_DeviceControlPipeInit
 .text.USB_DeviceGetDescriptor
                0x0000534c      0x138 CMakeFiles/dev_hid_mouse_lite_bm.dir/usb_device_descriptor.c.obj
                0x0000534c                USB_DeviceGetDescriptor
 .text.USB_DeviceSetConfigure
                0x00005484       0x38 CMakeFiles/dev_hid_mouse_lite_bm.dir/usb_device_descriptor.c.obj
                0x00005484                USB_DeviceSetConfigure
 .text.USB_DeviceGetConfigure
                0x000054bc       0x24 CMakeFiles/dev_hid_mouse_lite_bm.dir/usb_device_descriptor.c.obj
                0x000054bc                USB_DeviceGetConfigure
 .text.USB_DeviceSetInterface
                0x000054e0       0x40 CMakeFiles/dev_hid_mouse_lite_bm.dir/usb_device_descriptor.c.obj
                0x000054e0                USB_DeviceSetInterface
 .text.USB_DeviceGetInterface
                0x00005520       0x34 CMakeFiles/dev_hid_mouse_lite_bm.dir/usb_device_descriptor.c.obj
                0x00005520                USB_DeviceGetInterface
 .text.__NVIC_EnableIRQ
                0x00005554       0x38 CMakeFiles/dev_hid_mouse_lite_bm.dir/29a00879e1c5faf8b37c5641660ccc0a/_boards/frdmmcxa153/usb_examples/usb_device_hid_mouse_lite/bm/hardware_init.c.obj
 .text.__NVIC_SetPriority
                0x0000558c       0x54 CMakeFiles/dev_hid_mouse_lite_bm.dir/29a00879e1c5faf8b37c5641660ccc0a/_boards/frdmmcxa153/usb_examples/usb_device_hid_mouse_lite/bm/hardware_init.c.obj
 .text.EnableIRQ
                0x000055e0       0x32 CMakeFiles/dev_hid_mouse_lite_bm.dir/29a00879e1c5faf8b37c5641660ccc0a/_boards/frdmmcxa153/usb_examples/usb_device_hid_mouse_lite/bm/hardware_init.c.obj
 .text.BOARD_InitHardware
                0x00005612       0x30 CMakeFiles/dev_hid_mouse_lite_bm.dir/29a00879e1c5faf8b37c5641660ccc0a/_boards/frdmmcxa153/usb_examples/usb_device_hid_mouse_lite/bm/hardware_init.c.obj
                0x00005612                BOARD_InitHardware
 *fill*         0x00005642        0x2 
 .text.USB0_IRQHandler
                0x00005644       0x18 CMakeFiles/dev_hid_mouse_lite_bm.dir/29a00879e1c5faf8b37c5641660ccc0a/_boards/frdmmcxa153/usb_examples/usb_device_hid_mouse_lite/bm/hardware_init.c.obj
                0x00005644                USB0_IRQHandler
 .text.USB_DeviceClockInit
                0x0000565c       0x12 CMakeFiles/dev_hid_mouse_lite_bm.dir/29a00879e1c5faf8b37c5641660ccc0a/_boards/frdmmcxa153/usb_examples/usb_device_hid_mouse_lite/bm/hardware_init.c.obj
                0x0000565c                USB_DeviceClockInit
 .text.USB_DeviceIsrEnable
                0x0000566e       0x2c CMakeFiles/dev_hid_mouse_lite_bm.dir/29a00879e1c5faf8b37c5641660ccc0a/_boards/frdmmcxa153/usb_examples/usb_device_hid_mouse_lite/bm/hardware_init.c.obj
                0x0000566e                USB_DeviceIsrEnable
 *fill*         0x0000569a        0x2 
 .text.CLOCK_EnableClock
                0x0000569c       0x88 CMakeFiles/dev_hid_mouse_lite_bm.dir/9ef1fa5c10a3075228c764f52c670508/examples/_boards/frdmmcxa153/usb_examples/usb_device_hid_mouse_lite/bm/pin_mux.c.obj
 .text.PORT_SetPinConfig
                0x00005724       0x48 CMakeFiles/dev_hid_mouse_lite_bm.dir/9ef1fa5c10a3075228c764f52c670508/examples/_boards/frdmmcxa153/usb_examples/usb_device_hid_mouse_lite/bm/pin_mux.c.obj
 .text.BOARD_InitBootPins
                0x0000576c        0xc CMakeFiles/dev_hid_mouse_lite_bm.dir/9ef1fa5c10a3075228c764f52c670508/examples/_boards/frdmmcxa153/usb_examples/usb_device_hid_mouse_lite/bm/pin_mux.c.obj
                0x0000576c                BOARD_InitBootPins
 .text.BOARD_InitPins
                0x00005778       0x6c CMakeFiles/dev_hid_mouse_lite_bm.dir/9ef1fa5c10a3075228c764f52c670508/examples/_boards/frdmmcxa153/usb_examples/usb_device_hid_mouse_lite/bm/pin_mux.c.obj
                0x00005778                BOARD_InitPins
 .text.exit     0x000057e4       0x24 C:/Users/ALEXPR~1/MCUXPR~1/ARM-GN~1.REL/bin/../lib/gcc/arm-none-eabi/14.2.1/thumb/v8-m.main/nofp\libc_nano.a(libc_a-exit.o)
                0x000057e4                exit
 .text.memset   0x00005808       0x10 C:/Users/ALEXPR~1/MCUXPR~1/ARM-GN~1.REL/bin/../lib/gcc/arm-none-eabi/14.2.1/thumb/v8-m.main/nofp\libc_nano.a(libc_a-memset.o)
                0x00005808                memset
 .text.__libc_init_array
                0x00005818       0x48 C:/Users/ALEXPR~1/MCUXPR~1/ARM-GN~1.REL/bin/../lib/gcc/arm-none-eabi/14.2.1/thumb/v8-m.main/nofp\libc_nano.a(libc_a-init.o)
                0x00005818                __libc_init_array
 .text.__udivmoddi4
                0x00005860      0x34c C:/Users/ALEXPR~1/MCUXPR~1/ARM-GN~1.REL/bin/../lib/gcc/arm-none-eabi/14.2.1/thumb/v8-m.main/nofp\libgcc.a(_udivmoddi4.o)
                0x00005860                __udivmoddi4
 .text._exit    0x00005bac        0x4 C:/Users/ALEXPR~1/MCUXPR~1/ARM-GN~1.REL/bin/../lib/gcc/arm-none-eabi/14.2.1/thumb/v8-m.main/nofp\libnosys.a(_exit.o)
                0x00005bac                _exit
 *(.rodata)
 .rodata        0x00005bb0       0x96 CMakeFiles/dev_hid_mouse_lite_bm.dir/C_/WORKSPACE/proiecte/ipcei-lab/src/sdks/mcuxsdk/devices/MCX/MCXA/MCXA153/drivers/fsl_clock.c.obj
 *fill*         0x00005c46        0x2 
 .rodata        0x00005c48       0x7e CMakeFiles/dev_hid_mouse_lite_bm.dir/C_/WORKSPACE/proiecte/ipcei-lab/src/sdks/mcuxsdk/devices/MCX/MCXA/MCXA153/drivers/fsl_reset.c.obj
 *fill*         0x00005cc6        0x2 
 .rodata        0x00005cc8       0xa8 CMakeFiles/dev_hid_mouse_lite_bm.dir/C_/WORKSPACE/proiecte/ipcei-lab/src/sdks/mcuxsdk/drivers/common/fsl_common_arm.c.obj
 .rodata        0x00005d70      0x29a CMakeFiles/dev_hid_mouse_lite_bm.dir/C_/WORKSPACE/proiecte/ipcei-lab/src/sdks/mcuxsdk/drivers/lpuart/fsl_lpuart.c.obj
 *fill*         0x0000600a        0x2 
 .rodata        0x0000600c       0x9b CMakeFiles/dev_hid_mouse_lite_bm.dir/C_/WORKSPACE/proiecte/ipcei-lab/src/sdks/mcuxsdk/drivers/mcx_spc/fsl_spc.c.obj
 *fill*         0x000060a7        0x1 
 .rodata        0x000060a8       0x3e CMakeFiles/dev_hid_mouse_lite_bm.dir/C_/WORKSPACE/proiecte/ipcei-lab/src/sdks/mcuxsdk/components/assert/fsl_assert.c.obj
 *fill*         0x000060e6        0x2 
 .rodata        0x000060e8      0x11c CMakeFiles/dev_hid_mouse_lite_bm.dir/C_/WORKSPACE/proiecte/ipcei-lab/src/sdks/mcuxsdk/components/uart/fsl_adapter_lpuart.c.obj
 .rodata        0x00006204       0x30 CMakeFiles/dev_hid_mouse_lite_bm.dir/mouse.c.obj
 .rodata        0x00006234       0x59 CMakeFiles/dev_hid_mouse_lite_bm.dir/9ef1fa5c10a3075228c764f52c670508/examples/_boards/frdmmcxa153/usb_examples/usb_device_hid_mouse_lite/bm/pin_mux.c.obj
 *(.rodata*)
 *fill*         0x0000628d        0x3 
 .rodata.__func__.4
                0x00006290       0x15 CMakeFiles/dev_hid_mouse_lite_bm.dir/C_/WORKSPACE/proiecte/ipcei-lab/src/sdks/mcuxsdk/devices/MCX/MCXA/MCXA153/drivers/fsl_clock.c.obj
 *fill*         0x000062a5        0x3 
 .rodata.__func__.2
                0x000062a8       0x12 CMakeFiles/dev_hid_mouse_lite_bm.dir/C_/WORKSPACE/proiecte/ipcei-lab/src/sdks/mcuxsdk/devices/MCX/MCXA/MCXA153/drivers/fsl_clock.c.obj
 *fill*         0x000062ba        0x2 
 .rodata.__func__.1
                0x000062bc       0x19 CMakeFiles/dev_hid_mouse_lite_bm.dir/C_/WORKSPACE/proiecte/ipcei-lab/src/sdks/mcuxsdk/devices/MCX/MCXA/MCXA153/drivers/fsl_reset.c.obj
 *fill*         0x000062d5        0x3 
 .rodata.__func__.0
                0x000062d8       0x1b CMakeFiles/dev_hid_mouse_lite_bm.dir/C_/WORKSPACE/proiecte/ipcei-lab/src/sdks/mcuxsdk/devices/MCX/MCXA/MCXA153/drivers/fsl_reset.c.obj
 *fill*         0x000062f3        0x1 
 .rodata.__func__.0
                0x000062f4       0x13 CMakeFiles/dev_hid_mouse_lite_bm.dir/C_/WORKSPACE/proiecte/ipcei-lab/src/sdks/mcuxsdk/drivers/common/fsl_common_arm.c.obj
 *fill*         0x00006307        0x1 
 .rodata.s_lpuartBases
                0x00006308        0xc CMakeFiles/dev_hid_mouse_lite_bm.dir/C_/WORKSPACE/proiecte/ipcei-lab/src/sdks/mcuxsdk/drivers/lpuart/fsl_lpuart.c.obj
 .rodata.s_lpuartClock
                0x00006314        0xc CMakeFiles/dev_hid_mouse_lite_bm.dir/C_/WORKSPACE/proiecte/ipcei-lab/src/sdks/mcuxsdk/drivers/lpuart/fsl_lpuart.c.obj
 .rodata.s_lpuartResets
                0x00006320        0x6 CMakeFiles/dev_hid_mouse_lite_bm.dir/C_/WORKSPACE/proiecte/ipcei-lab/src/sdks/mcuxsdk/drivers/lpuart/fsl_lpuart.c.obj
 *fill*         0x00006326        0x2 
 .rodata.__func__.25
                0x00006328       0x13 CMakeFiles/dev_hid_mouse_lite_bm.dir/C_/WORKSPACE/proiecte/ipcei-lab/src/sdks/mcuxsdk/drivers/lpuart/fsl_lpuart.c.obj
 *fill*         0x0000633b        0x1 
 .rodata.__func__.18
                0x0000633c        0xc CMakeFiles/dev_hid_mouse_lite_bm.dir/C_/WORKSPACE/proiecte/ipcei-lab/src/sdks/mcuxsdk/drivers/lpuart/fsl_lpuart.c.obj
 .rodata.__func__.17
                0x00006348       0x18 CMakeFiles/dev_hid_mouse_lite_bm.dir/C_/WORKSPACE/proiecte/ipcei-lab/src/sdks/mcuxsdk/drivers/lpuart/fsl_lpuart.c.obj
 .rodata.__func__.13
                0x00006360       0x15 CMakeFiles/dev_hid_mouse_lite_bm.dir/C_/WORKSPACE/proiecte/ipcei-lab/src/sdks/mcuxsdk/drivers/lpuart/fsl_lpuart.c.obj
 *fill*         0x00006375        0x3 
 .rodata.__func__.11
                0x00006378       0x14 CMakeFiles/dev_hid_mouse_lite_bm.dir/C_/WORKSPACE/proiecte/ipcei-lab/src/sdks/mcuxsdk/drivers/lpuart/fsl_lpuart.c.obj
 .rodata.__func__.5
                0x0000638c       0x1a CMakeFiles/dev_hid_mouse_lite_bm.dir/C_/WORKSPACE/proiecte/ipcei-lab/src/sdks/mcuxsdk/drivers/mcx_spc/fsl_spc.c.obj
 *fill*         0x000063a6        0x2 
 .rodata.__func__.2
                0x000063a8       0x28 CMakeFiles/dev_hid_mouse_lite_bm.dir/C_/WORKSPACE/proiecte/ipcei-lab/src/sdks/mcuxsdk/drivers/mcx_spc/fsl_spc.c.obj
 .rodata.s_LpuartAdapterBase
                0x000063d0        0xc CMakeFiles/dev_hid_mouse_lite_bm.dir/C_/WORKSPACE/proiecte/ipcei-lab/src/sdks/mcuxsdk/components/uart/fsl_adapter_lpuart.c.obj
 .rodata.__func__.4
                0x000063dc        0xd CMakeFiles/dev_hid_mouse_lite_bm.dir/C_/WORKSPACE/proiecte/ipcei-lab/src/sdks/mcuxsdk/components/uart/fsl_adapter_lpuart.c.obj
 *fill*         0x000063e9        0x3 
 .rodata.__func__.2
                0x000063ec       0x18 CMakeFiles/dev_hid_mouse_lite_bm.dir/C_/WORKSPACE/proiecte/ipcei-lab/src/sdks/mcuxsdk/components/uart/fsl_adapter_lpuart.c.obj
 .rodata.__func__.1
                0x00006404       0x15 CMakeFiles/dev_hid_mouse_lite_bm.dir/C_/WORKSPACE/proiecte/ipcei-lab/src/sdks/mcuxsdk/components/uart/fsl_adapter_lpuart.c.obj
 *fill*         0x00006419        0x3 
 .rodata.s_UsbDeviceKhciInterface
                0x0000641c       0x18 CMakeFiles/dev_hid_mouse_lite_bm.dir/C_/WORKSPACE/proiecte/ipcei-lab/src/sdks/mcuxsdk/middleware/usb/device/usb_device_dci.c.obj
 .rodata.s_UsbDeviceStandardRequest
                0x00006434       0x34 CMakeFiles/dev_hid_mouse_lite_bm.dir/usb_device_ch9.c.obj
 .rodata.__func__.0
                0x00006468       0x12 CMakeFiles/dev_hid_mouse_lite_bm.dir/9ef1fa5c10a3075228c764f52c670508/examples/_boards/frdmmcxa153/usb_examples/usb_device_hid_mouse_lite/bm/pin_mux.c.obj
 *(.glue_7)
 .glue_7        0x0000647a        0x0 linker stubs
 *(.glue_7t)
 .glue_7t       0x0000647a        0x0 linker stubs
 *(.eh_frame)
 *fill*         0x0000647a        0x2 
 .eh_frame      0x0000647c        0x0 C:/Users/ALEXPR~1/MCUXPR~1/ARM-GN~1.REL/bin/../lib/gcc/arm-none-eabi/14.2.1/thumb/v8-m.main/nofp/crtbegin.o
 *(.init)
 .init          0x0000647c        0x4 C:/Users/ALEXPR~1/MCUXPR~1/ARM-GN~1.REL/bin/../lib/gcc/arm-none-eabi/14.2.1/thumb/v8-m.main/nofp/crti.o
                0x0000647c                _init
 .init          0x00006480        0x8 C:/Users/ALEXPR~1/MCUXPR~1/ARM-GN~1.REL/bin/../lib/gcc/arm-none-eabi/14.2.1/thumb/v8-m.main/nofp/crtn.o
 *(.fini)
 .fini          0x00006488        0x4 C:/Users/ALEXPR~1/MCUXPR~1/ARM-GN~1.REL/bin/../lib/gcc/arm-none-eabi/14.2.1/thumb/v8-m.main/nofp/crti.o
                0x00006488                _fini
 .fini          0x0000648c        0x8 C:/Users/ALEXPR~1/MCUXPR~1/ARM-GN~1.REL/bin/../lib/gcc/arm-none-eabi/14.2.1/thumb/v8-m.main/nofp/crtn.o
                0x00006494                        . = ALIGN (0x4)

.vfp11_veneer   0x00006494        0x0
 .vfp11_veneer  0x00006494        0x0 linker stubs

.v4_bx          0x00006494        0x0
 .v4_bx         0x00006494        0x0 linker stubs

.iplt           0x00006494        0x0
 .iplt          0x00006494        0x0 C:/Users/ALEXPR~1/MCUXPR~1/ARM-GN~1.REL/bin/../lib/gcc/arm-none-eabi/14.2.1/thumb/v8-m.main/nofp/crtbegin.o

.ARM.extab
 *(.ARM.extab* .gnu.linkonce.armextab.*)

.ARM            0x00006494        0x8
                0x00006494                        __exidx_start = .
 *(.ARM.exidx*)
 .ARM.exidx     0x00006494        0x8 C:/Users/ALEXPR~1/MCUXPR~1/ARM-GN~1.REL/bin/../lib/gcc/arm-none-eabi/14.2.1/thumb/v8-m.main/nofp/crt0.o
                                 0x10 (size before relaxing)
 .ARM.exidx     0x0000649c        0x0 C:/Users/ALEXPR~1/MCUXPR~1/ARM-GN~1.REL/bin/../lib/gcc/arm-none-eabi/14.2.1/thumb/v8-m.main/nofp\libc_nano.a(libc_a-strlen.o)
                                  0x8 (size before relaxing)
 .ARM.exidx.text.__udivmoddi4
                0x0000649c        0x0 C:/Users/ALEXPR~1/MCUXPR~1/ARM-GN~1.REL/bin/../lib/gcc/arm-none-eabi/14.2.1/thumb/v8-m.main/nofp\libgcc.a(_udivmoddi4.o)
                                  0x8 (size before relaxing)
                0x0000649c                        __exidx_end = .

.rel.dyn        0x0000649c        0x0
 .rel.iplt      0x0000649c        0x0 C:/Users/ALEXPR~1/MCUXPR~1/ARM-GN~1.REL/bin/../lib/gcc/arm-none-eabi/14.2.1/thumb/v8-m.main/nofp/crtbegin.o

.ctors          0x0000649c        0x0
                0x0000649c                        __CTOR_LIST__ = .
 *crtbegin.o(.ctors)
 *crtbegin?.o(.ctors)
 *(EXCLUDE_FILE(*crtend.o *crtend?.o) .ctors)
 *(SORT_BY_NAME(.ctors.*))
 *(.ctors)
                0x0000649c                        __CTOR_END__ = .

.dtors          0x0000649c        0x0
                0x0000649c                        __DTOR_LIST__ = .
 *crtbegin.o(.dtors)
 *crtbegin?.o(.dtors)
 *(EXCLUDE_FILE(*crtend.o *crtend?.o) .dtors)
 *(SORT_BY_NAME(.dtors.*))
 *(.dtors)
                0x0000649c                        __DTOR_END__ = .

.preinit_array  0x0000649c        0x0
                0x0000649c                        PROVIDE (__preinit_array_start = .)
 *(.preinit_array*)
                0x0000649c                        PROVIDE (__preinit_array_end = .)

.init_array     0x0000649c        0x4
                0x0000649c                        PROVIDE (__init_array_start = .)
 *(SORT_BY_NAME(.init_array.*))
 *(.init_array*)
 .init_array    0x0000649c        0x4 C:/Users/ALEXPR~1/MCUXPR~1/ARM-GN~1.REL/bin/../lib/gcc/arm-none-eabi/14.2.1/thumb/v8-m.main/nofp/crtbegin.o
                0x000064a0                        PROVIDE (__init_array_end = .)

.fini_array     0x000064a0        0x4
                [!provide]                        PROVIDE (__fini_array_start = .)
 *(SORT_BY_NAME(.fini_array.*))
 *(.fini_array*)
 .fini_array    0x000064a0        0x4 C:/Users/ALEXPR~1/MCUXPR~1/ARM-GN~1.REL/bin/../lib/gcc/arm-none-eabi/14.2.1/thumb/v8-m.main/nofp/crtbegin.o
                [!provide]                        PROVIDE (__fini_array_end = .)
                0x000064a4                        __etext = .
                0x000064a4                        __DATA_ROM = .

.data           0x20000000       0xf4 load address 0x000064a4
                0x20000000                        . = ALIGN (0x4)
                0x20000000                        __DATA_RAM = .
                0x20000000                        __data_start__ = .
 *(.ramfunc*)
 *(.data)
 *(.data*)
 .data.SystemCoreClock
                0x20000000        0x4 CMakeFiles/dev_hid_mouse_lite_bm.dir/C_/WORKSPACE/proiecte/ipcei-lab/src/sdks/mcuxsdk/devices/MCX/MCXA/MCXA153/system_MCXA153.c.obj
                0x20000000                SystemCoreClock
 .data.s_Ext_Clk_Freq
                0x20000004        0x4 CMakeFiles/dev_hid_mouse_lite_bm.dir/C_/WORKSPACE/proiecte/ipcei-lab/src/sdks/mcuxsdk/devices/MCX/MCXA/MCXA153/drivers/fsl_clock.c.obj
 .data.xStep.1  0x20000008        0x1 CMakeFiles/dev_hid_mouse_lite_bm.dir/mouse.c.obj
 *fill*         0x20000009        0x3 
 .data.g_UsbDeviceDescriptor
                0x2000000c       0x12 CMakeFiles/dev_hid_mouse_lite_bm.dir/usb_device_descriptor.c.obj
                0x2000000c                g_UsbDeviceDescriptor
 *fill*         0x2000001e        0x2 
 .data.g_UsbDeviceHidMouseReportDescriptor
                0x20000020       0x34 CMakeFiles/dev_hid_mouse_lite_bm.dir/usb_device_descriptor.c.obj
                0x20000020                g_UsbDeviceHidMouseReportDescriptor
 .data.g_UsbDeviceConfigurationDescriptor
                0x20000054       0x22 CMakeFiles/dev_hid_mouse_lite_bm.dir/usb_device_descriptor.c.obj
                0x20000054                g_UsbDeviceConfigurationDescriptor
 *fill*         0x20000076        0x2 
 .data.g_UsbDeviceString0
                0x20000078        0x4 CMakeFiles/dev_hid_mouse_lite_bm.dir/usb_device_descriptor.c.obj
                0x20000078                g_UsbDeviceString0
 .data.g_UsbDeviceString1
                0x2000007c       0x26 CMakeFiles/dev_hid_mouse_lite_bm.dir/usb_device_descriptor.c.obj
                0x2000007c                g_UsbDeviceString1
 *fill*         0x200000a2        0x2 
 .data.g_UsbDeviceString2
                0x200000a4       0x1c CMakeFiles/dev_hid_mouse_lite_bm.dir/usb_device_descriptor.c.obj
                0x200000a4                g_UsbDeviceString2
 .data.g_UsbDeviceStringDescriptorLength
                0x200000c0        0xc CMakeFiles/dev_hid_mouse_lite_bm.dir/usb_device_descriptor.c.obj
                0x200000c0                g_UsbDeviceStringDescriptorLength
 .data.g_UsbDeviceStringDescriptorArray
                0x200000cc        0xc CMakeFiles/dev_hid_mouse_lite_bm.dir/usb_device_descriptor.c.obj
                0x200000cc                g_UsbDeviceStringDescriptorArray
 .data.g_UsbDeviceLanguage
                0x200000d8        0xc CMakeFiles/dev_hid_mouse_lite_bm.dir/usb_device_descriptor.c.obj
                0x200000d8                g_UsbDeviceLanguage
 .data.g_UsbDeviceLanguageList
                0x200000e4       0x10 CMakeFiles/dev_hid_mouse_lite_bm.dir/usb_device_descriptor.c.obj
                0x200000e4                g_UsbDeviceLanguageList
 *(.jcr*)
                0x200000f4                        . = ALIGN (0x4)
                0x200000f4                        __data_end__ = .
                0x00006598                        __DATA_END = (__DATA_ROM + (__data_end__ - __data_start__))
                0x00020000                        text_end = (ORIGIN (m_text) + LENGTH (m_text))
                0x00000001                        ASSERT ((__DATA_END <= text_end), region m_text overflowed with text and data)

.tm_clone_table
                0x200000f4        0x0 load address 0x00006598
 .tm_clone_table
                0x200000f4        0x0 C:/Users/ALEXPR~1/MCUXPR~1/ARM-GN~1.REL/bin/../lib/gcc/arm-none-eabi/14.2.1/thumb/v8-m.main/nofp/crtbegin.o
 .tm_clone_table
                0x200000f4        0x0 C:/Users/ALEXPR~1/MCUXPR~1/ARM-GN~1.REL/bin/../lib/gcc/arm-none-eabi/14.2.1/thumb/v8-m.main/nofp/crtend.o

.igot.plt       0x200000f4        0x0 load address 0x00006598
 .igot.plt      0x200000f4        0x0 C:/Users/ALEXPR~1/MCUXPR~1/ARM-GN~1.REL/bin/../lib/gcc/arm-none-eabi/14.2.1/thumb/v8-m.main/nofp/crtbegin.o

.bss            0x20000200      0x584 load address 0x00006800
                0x20000200                        . = ALIGN (0x4)
                0x20000200                        __START_BSS = .
                0x20000200                        __bss_start__ = .
 *(.bss)
 *(.bss*)
 .bss.completed.1
                0x20000200        0x1 C:/Users/ALEXPR~1/MCUXPR~1/ARM-GN~1.REL/bin/../lib/gcc/arm-none-eabi/14.2.1/thumb/v8-m.main/nofp/crtbegin.o
 *fill*         0x20000201        0x3 
 .bss.object.0  0x20000204       0x18 C:/Users/ALEXPR~1/MCUXPR~1/ARM-GN~1.REL/bin/../lib/gcc/arm-none-eabi/14.2.1/thumb/v8-m.main/nofp/crtbegin.o
 .bss.s_lpuartHandle
                0x2000021c        0xc CMakeFiles/dev_hid_mouse_lite_bm.dir/C_/WORKSPACE/proiecte/ipcei-lab/src/sdks/mcuxsdk/drivers/lpuart/fsl_lpuart.c.obj
                0x2000021c                s_lpuartHandle
 .bss.s_lpuartIsr
                0x20000228        0xc CMakeFiles/dev_hid_mouse_lite_bm.dir/C_/WORKSPACE/proiecte/ipcei-lab/src/sdks/mcuxsdk/drivers/lpuart/fsl_lpuart.c.obj
                0x20000228                s_lpuartIsr
 .bss.s_debugConsole
                0x20000234       0x14 CMakeFiles/dev_hid_mouse_lite_bm.dir/C_/WORKSPACE/proiecte/ipcei-lab/src/sdks/mcuxsdk/components/debug_console_lite/fsl_debug_console.c.obj
 *fill*         0x20000248      0x1b8 
 .bss.s_UsbDeviceKhciBdtBuffer
                0x20000400      0x200 CMakeFiles/dev_hid_mouse_lite_bm.dir/C_/WORKSPACE/proiecte/ipcei-lab/src/sdks/mcuxsdk/middleware/usb/device/usb_device_khci.c.obj
 .bss.s_UsbDeviceKhciState
                0x20000600       0xa4 CMakeFiles/dev_hid_mouse_lite_bm.dir/C_/WORKSPACE/proiecte/ipcei-lab/src/sdks/mcuxsdk/middleware/usb/device/usb_device_khci.c.obj
 .bss.s_UsbDeviceKhciDmaAlignBuffer
                0x200006a4       0x40 CMakeFiles/dev_hid_mouse_lite_bm.dir/C_/WORKSPACE/proiecte/ipcei-lab/src/sdks/mcuxsdk/middleware/usb/device/usb_device_khci.c.obj
 .bss.s_UsbDevice
                0x200006e4       0x70 CMakeFiles/dev_hid_mouse_lite_bm.dir/C_/WORKSPACE/proiecte/ipcei-lab/src/sdks/mcuxsdk/middleware/usb/device/usb_device_dci.c.obj
 .bss.s_SetupOutBuffer
                0x20000754        0x8 CMakeFiles/dev_hid_mouse_lite_bm.dir/mouse.c.obj
 .bss.s_MouseBuffer
                0x2000075c        0x4 CMakeFiles/dev_hid_mouse_lite_bm.dir/mouse.c.obj
 .bss.g_UsbDeviceHidMouse
                0x20000760        0xc CMakeFiles/dev_hid_mouse_lite_bm.dir/mouse.c.obj
                0x20000760                g_UsbDeviceHidMouse
 .bss.idleReportCount.2
                0x2000076c        0x4 CMakeFiles/dev_hid_mouse_lite_bm.dir/mouse.c.obj
 .bss.hid_mouse_setup.0
                0x20000770        0x8 CMakeFiles/dev_hid_mouse_lite_bm.dir/mouse.c.obj
 .bss.s_UsbDeviceStandardRx
                0x20000778        0x2 CMakeFiles/dev_hid_mouse_lite_bm.dir/usb_device_ch9.c.obj
 .bss.g_UsbDeviceCurrentConfigure
                0x2000077a        0x1 CMakeFiles/dev_hid_mouse_lite_bm.dir/usb_device_descriptor.c.obj
                0x2000077a                g_UsbDeviceCurrentConfigure
 *fill*         0x2000077b        0x1 
 .bss.g_UsbDeviceInterface
                0x2000077c        0x1 CMakeFiles/dev_hid_mouse_lite_bm.dir/usb_device_descriptor.c.obj
                0x2000077c                g_UsbDeviceInterface
 *fill*         0x2000077d        0x3 
 .bss.__stdio_exit_handler
                0x20000780        0x4 C:/Users/ALEXPR~1/MCUXPR~1/ARM-GN~1.REL/bin/../lib/gcc/arm-none-eabi/14.2.1/thumb/v8-m.main/nofp\libc_nano.a(libc_a-findfp.o)
                0x20000780                __stdio_exit_handler
 *(COMMON)
                0x20000784                        . = ALIGN (0x4)
                0x20000784                        __bss_end__ = .
                0x20000784                        __END_BSS = .

.heap           0x20000784      0x804 load address 0x00006d84
                0x20000788                        . = ALIGN (0x8)
 *fill*         0x20000784        0x4 
                0x20000788                        __end__ = .
                0x20000788                        PROVIDE (end = .)
                0x20000788                        __HeapBase = .
                0x20000f88                        . = (. + HEAP_SIZE)
 *fill*         0x20000788      0x800 
                0x20000f88                        __HeapLimit = .
                0x20000f88                        __heap_limit = .

.stack          0x20000f88      0x800 load address 0x00007588
                0x20000f88                        . = ALIGN (0x8)
                0x20001788                        . = (. + STACK_SIZE)
 *fill*         0x20000f88      0x800 
                0x20006000                        __StackTop = (ORIGIN (m_data) + LENGTH (m_data))
                0x20005800                        __StackLimit = (__StackTop - STACK_SIZE)
                0x20006000                        PROVIDE (__stack = __StackTop)

.ARM.attributes
                0x00000000       0x2e
 *(.ARM.attributes)
 .ARM.attributes
                0x00000000       0x22 C:/Users/ALEXPR~1/MCUXPR~1/ARM-GN~1.REL/bin/../lib/gcc/arm-none-eabi/14.2.1/thumb/v8-m.main/nofp/crti.o
 .ARM.attributes
                0x00000022       0x32 C:/Users/ALEXPR~1/MCUXPR~1/ARM-GN~1.REL/bin/../lib/gcc/arm-none-eabi/14.2.1/thumb/v8-m.main/nofp/crtbegin.o
 .ARM.attributes
                0x00000054       0x20 C:/Users/ALEXPR~1/MCUXPR~1/ARM-GN~1.REL/bin/../lib/gcc/arm-none-eabi/14.2.1/thumb/v8-m.main/nofp/crt0.o
 .ARM.attributes
                0x00000074       0x32 CMakeFiles/dev_hid_mouse_lite_bm.dir/C_/WORKSPACE/proiecte/ipcei-lab/src/sdks/mcuxsdk/devices/MCX/MCXA/MCXA153/system_MCXA153.c.obj
 .ARM.attributes
                0x000000a6       0x20 CMakeFiles/dev_hid_mouse_lite_bm.dir/C_/WORKSPACE/proiecte/ipcei-lab/src/sdks/mcuxsdk/devices/MCX/MCXA/MCXA153/gcc/startup_MCXA153.S.obj
 .ARM.attributes
                0x000000c6       0x32 CMakeFiles/dev_hid_mouse_lite_bm.dir/C_/WORKSPACE/proiecte/ipcei-lab/src/sdks/mcuxsdk/devices/MCX/MCXA/MCXA153/drivers/fsl_clock.c.obj
 .ARM.attributes
                0x000000f8       0x32 CMakeFiles/dev_hid_mouse_lite_bm.dir/C_/WORKSPACE/proiecte/ipcei-lab/src/sdks/mcuxsdk/devices/MCX/MCXA/MCXA153/drivers/fsl_reset.c.obj
 .ARM.attributes
                0x0000012a       0x32 CMakeFiles/dev_hid_mouse_lite_bm.dir/C_/WORKSPACE/proiecte/ipcei-lab/src/sdks/mcuxsdk/examples/_boards/frdmmcxa153/board.c.obj
 .ARM.attributes
                0x0000015c       0x32 CMakeFiles/dev_hid_mouse_lite_bm.dir/C_/WORKSPACE/proiecte/ipcei-lab/src/sdks/mcuxsdk/examples/_boards/frdmmcxa153/clock_config.c.obj
 .ARM.attributes
                0x0000018e       0x32 CMakeFiles/dev_hid_mouse_lite_bm.dir/C_/WORKSPACE/proiecte/ipcei-lab/src/sdks/mcuxsdk/drivers/common/fsl_common_arm.c.obj
 .ARM.attributes
                0x000001c0       0x32 CMakeFiles/dev_hid_mouse_lite_bm.dir/C_/WORKSPACE/proiecte/ipcei-lab/src/sdks/mcuxsdk/drivers/lpuart/fsl_lpuart.c.obj
 .ARM.attributes
                0x000001f2       0x32 CMakeFiles/dev_hid_mouse_lite_bm.dir/C_/WORKSPACE/proiecte/ipcei-lab/src/sdks/mcuxsdk/drivers/mcx_spc/fsl_spc.c.obj
 .ARM.attributes
                0x00000224       0x32 CMakeFiles/dev_hid_mouse_lite_bm.dir/C_/WORKSPACE/proiecte/ipcei-lab/src/sdks/mcuxsdk/components/assert/fsl_assert.c.obj
 .ARM.attributes
                0x00000256       0x32 CMakeFiles/dev_hid_mouse_lite_bm.dir/C_/WORKSPACE/proiecte/ipcei-lab/src/sdks/mcuxsdk/components/debug_console_lite/fsl_debug_console.c.obj
 .ARM.attributes
                0x00000288       0x20 CMakeFiles/dev_hid_mouse_lite_bm.dir/C_/WORKSPACE/proiecte/ipcei-lab/src/sdks/mcuxsdk/components/misc_utilities/fsl_memcpy.S.obj
 .ARM.attributes
                0x000002a8       0x32 CMakeFiles/dev_hid_mouse_lite_bm.dir/C_/WORKSPACE/proiecte/ipcei-lab/src/sdks/mcuxsdk/components/osa/fsl_os_abstraction_bm.c.obj
 .ARM.attributes
                0x000002da       0x32 CMakeFiles/dev_hid_mouse_lite_bm.dir/C_/WORKSPACE/proiecte/ipcei-lab/src/sdks/mcuxsdk/components/uart/fsl_adapter_lpuart.c.obj
 .ARM.attributes
                0x0000030c       0x32 CMakeFiles/dev_hid_mouse_lite_bm.dir/C_/WORKSPACE/proiecte/ipcei-lab/src/sdks/mcuxsdk/middleware/usb/device/usb_device_khci.c.obj
 .ARM.attributes
                0x0000033e       0x32 CMakeFiles/dev_hid_mouse_lite_bm.dir/C_/WORKSPACE/proiecte/ipcei-lab/src/sdks/mcuxsdk/middleware/usb/device/usb_device_dci.c.obj
 .ARM.attributes
                0x00000370       0x32 CMakeFiles/dev_hid_mouse_lite_bm.dir/mouse.c.obj
 .ARM.attributes
                0x000003a2       0x32 CMakeFiles/dev_hid_mouse_lite_bm.dir/usb_device_ch9.c.obj
 .ARM.attributes
                0x000003d4       0x32 CMakeFiles/dev_hid_mouse_lite_bm.dir/usb_device_descriptor.c.obj
 .ARM.attributes
                0x00000406       0x32 CMakeFiles/dev_hid_mouse_lite_bm.dir/29a00879e1c5faf8b37c5641660ccc0a/_boards/frdmmcxa153/usb_examples/usb_device_hid_mouse_lite/bm/hardware_init.c.obj
 .ARM.attributes
                0x00000438       0x32 CMakeFiles/dev_hid_mouse_lite_bm.dir/9ef1fa5c10a3075228c764f52c670508/examples/_boards/frdmmcxa153/usb_examples/usb_device_hid_mouse_lite/bm/pin_mux.c.obj
 .ARM.attributes
                0x0000046a       0x32 C:/Users/ALEXPR~1/MCUXPR~1/ARM-GN~1.REL/bin/../lib/gcc/arm-none-eabi/14.2.1/thumb/v8-m.main/nofp\libc_nano.a(libc_a-exit.o)
 .ARM.attributes
                0x0000049c       0x32 C:/Users/ALEXPR~1/MCUXPR~1/ARM-GN~1.REL/bin/../lib/gcc/arm-none-eabi/14.2.1/thumb/v8-m.main/nofp\libc_nano.a(libc_a-findfp.o)
 .ARM.attributes
                0x000004ce       0x32 C:/Users/ALEXPR~1/MCUXPR~1/ARM-GN~1.REL/bin/../lib/gcc/arm-none-eabi/14.2.1/thumb/v8-m.main/nofp\libc_nano.a(libc_a-memset.o)
 .ARM.attributes
                0x00000500       0x32 C:/Users/ALEXPR~1/MCUXPR~1/ARM-GN~1.REL/bin/../lib/gcc/arm-none-eabi/14.2.1/thumb/v8-m.main/nofp\libc_nano.a(libc_a-init.o)
 .ARM.attributes
                0x00000532       0x20 C:/Users/ALEXPR~1/MCUXPR~1/ARM-GN~1.REL/bin/../lib/gcc/arm-none-eabi/14.2.1/thumb/v8-m.main/nofp\libc_nano.a(libc_a-strlen.o)
 .ARM.attributes
                0x00000552       0x22 C:/Users/ALEXPR~1/MCUXPR~1/ARM-GN~1.REL/bin/../lib/gcc/arm-none-eabi/14.2.1/thumb/v8-m.main/nofp\libgcc.a(_aeabi_uldivmod.o)
 .ARM.attributes
                0x00000574       0x32 C:/Users/ALEXPR~1/MCUXPR~1/ARM-GN~1.REL/bin/../lib/gcc/arm-none-eabi/14.2.1/thumb/v8-m.main/nofp\libgcc.a(_udivmoddi4.o)
 .ARM.attributes
                0x000005a6       0x22 C:/Users/ALEXPR~1/MCUXPR~1/ARM-GN~1.REL/bin/../lib/gcc/arm-none-eabi/14.2.1/thumb/v8-m.main/nofp\libgcc.a(_dvmd_tls.o)
 .ARM.attributes
                0x000005c8       0x32 C:/Users/ALEXPR~1/MCUXPR~1/ARM-GN~1.REL/bin/../lib/gcc/arm-none-eabi/14.2.1/thumb/v8-m.main/nofp\libnosys.a(_exit.o)
 .ARM.attributes
                0x000005fa       0x32 C:/Users/ALEXPR~1/MCUXPR~1/ARM-GN~1.REL/bin/../lib/gcc/arm-none-eabi/14.2.1/thumb/v8-m.main/nofp/crtend.o
 .ARM.attributes
                0x0000062c       0x22 C:/Users/ALEXPR~1/MCUXPR~1/ARM-GN~1.REL/bin/../lib/gcc/arm-none-eabi/14.2.1/thumb/v8-m.main/nofp/crtn.o
                0x00000001                        ASSERT ((__StackLimit >= __HeapLimit), region m_data overflowed with stack and heap)
OUTPUT(dev_hid_mouse_lite_bm.elf elf32-littlearm)
LOAD linker stubs

.debug_line_str
                0x00000000      0x3b8
 .debug_line_str
                0x00000000      0x3b8 C:/Users/ALEXPR~1/MCUXPR~1/ARM-GN~1.REL/bin/../lib/gcc/arm-none-eabi/14.2.1/thumb/v8-m.main/nofp/crt0.o
                                 0xdb (size before relaxing)
 .debug_line_str
                0x000003b8       0xbb CMakeFiles/dev_hid_mouse_lite_bm.dir/C_/WORKSPACE/proiecte/ipcei-lab/src/sdks/mcuxsdk/devices/MCX/MCXA/MCXA153/gcc/startup_MCXA153.S.obj
 .debug_line_str
                0x000003b8       0xb3 CMakeFiles/dev_hid_mouse_lite_bm.dir/C_/WORKSPACE/proiecte/ipcei-lab/src/sdks/mcuxsdk/components/misc_utilities/fsl_memcpy.S.obj
 .debug_line_str
                0x000003b8       0xf0 C:/Users/ALEXPR~1/MCUXPR~1/ARM-GN~1.REL/bin/../lib/gcc/arm-none-eabi/14.2.1/thumb/v8-m.main/nofp\libc_nano.a(libc_a-strlen.o)
 .debug_line_str
                0x000003b8       0xce C:/Users/ALEXPR~1/MCUXPR~1/ARM-GN~1.REL/bin/../lib/gcc/arm-none-eabi/14.2.1/thumb/v8-m.main/nofp\libgcc.a(_aeabi_uldivmod.o)
 .debug_line_str
                0x000003b8       0xd2 C:/Users/ALEXPR~1/MCUXPR~1/ARM-GN~1.REL/bin/../lib/gcc/arm-none-eabi/14.2.1/thumb/v8-m.main/nofp\libgcc.a(_dvmd_tls.o)

.debug_info     0x00000000    0x13f88
 .debug_info    0x00000000      0xfe4 CMakeFiles/dev_hid_mouse_lite_bm.dir/C_/WORKSPACE/proiecte/ipcei-lab/src/sdks/mcuxsdk/devices/MCX/MCXA/MCXA153/system_MCXA153.c.obj
 .debug_info    0x00000fe4      0x838 CMakeFiles/dev_hid_mouse_lite_bm.dir/C_/WORKSPACE/proiecte/ipcei-lab/src/sdks/mcuxsdk/devices/MCX/MCXA/MCXA153/gcc/startup_MCXA153.S.obj
 .debug_info    0x0000181c     0x2089 CMakeFiles/dev_hid_mouse_lite_bm.dir/C_/WORKSPACE/proiecte/ipcei-lab/src/sdks/mcuxsdk/devices/MCX/MCXA/MCXA153/drivers/fsl_clock.c.obj
 .debug_info    0x000038a5      0xa96 CMakeFiles/dev_hid_mouse_lite_bm.dir/C_/WORKSPACE/proiecte/ipcei-lab/src/sdks/mcuxsdk/devices/MCX/MCXA/MCXA153/drivers/fsl_reset.c.obj
 .debug_info    0x0000433b      0x6c7 CMakeFiles/dev_hid_mouse_lite_bm.dir/C_/WORKSPACE/proiecte/ipcei-lab/src/sdks/mcuxsdk/examples/_boards/frdmmcxa153/board.c.obj
 .debug_info    0x00004a02      0xa7a CMakeFiles/dev_hid_mouse_lite_bm.dir/C_/WORKSPACE/proiecte/ipcei-lab/src/sdks/mcuxsdk/examples/_boards/frdmmcxa153/clock_config.c.obj
 .debug_info    0x0000547c      0x3ab CMakeFiles/dev_hid_mouse_lite_bm.dir/C_/WORKSPACE/proiecte/ipcei-lab/src/sdks/mcuxsdk/drivers/common/fsl_common_arm.c.obj
 .debug_info    0x00005827     0x2ffb CMakeFiles/dev_hid_mouse_lite_bm.dir/C_/WORKSPACE/proiecte/ipcei-lab/src/sdks/mcuxsdk/drivers/lpuart/fsl_lpuart.c.obj
 .debug_info    0x00008822     0x102a CMakeFiles/dev_hid_mouse_lite_bm.dir/C_/WORKSPACE/proiecte/ipcei-lab/src/sdks/mcuxsdk/drivers/mcx_spc/fsl_spc.c.obj
 .debug_info    0x0000984c      0x1bf CMakeFiles/dev_hid_mouse_lite_bm.dir/C_/WORKSPACE/proiecte/ipcei-lab/src/sdks/mcuxsdk/components/assert/fsl_assert.c.obj
 .debug_info    0x00009a0b      0xd86 CMakeFiles/dev_hid_mouse_lite_bm.dir/C_/WORKSPACE/proiecte/ipcei-lab/src/sdks/mcuxsdk/components/debug_console_lite/fsl_debug_console.c.obj
 .debug_info    0x0000a791       0x25 CMakeFiles/dev_hid_mouse_lite_bm.dir/C_/WORKSPACE/proiecte/ipcei-lab/src/sdks/mcuxsdk/components/misc_utilities/fsl_memcpy.S.obj
 .debug_info    0x0000a7b6     0x1570 CMakeFiles/dev_hid_mouse_lite_bm.dir/C_/WORKSPACE/proiecte/ipcei-lab/src/sdks/mcuxsdk/components/osa/fsl_os_abstraction_bm.c.obj
 .debug_info    0x0000bd26      0xdca CMakeFiles/dev_hid_mouse_lite_bm.dir/C_/WORKSPACE/proiecte/ipcei-lab/src/sdks/mcuxsdk/components/uart/fsl_adapter_lpuart.c.obj
 .debug_info    0x0000caf0     0x188e CMakeFiles/dev_hid_mouse_lite_bm.dir/C_/WORKSPACE/proiecte/ipcei-lab/src/sdks/mcuxsdk/middleware/usb/device/usb_device_khci.c.obj
 .debug_info    0x0000e37e     0x1456 CMakeFiles/dev_hid_mouse_lite_bm.dir/C_/WORKSPACE/proiecte/ipcei-lab/src/sdks/mcuxsdk/middleware/usb/device/usb_device_dci.c.obj
 .debug_info    0x0000f7d4      0xcb7 CMakeFiles/dev_hid_mouse_lite_bm.dir/mouse.c.obj
 .debug_info    0x0001048b     0x1033 CMakeFiles/dev_hid_mouse_lite_bm.dir/usb_device_ch9.c.obj
 .debug_info    0x000114be      0xda9 CMakeFiles/dev_hid_mouse_lite_bm.dir/usb_device_descriptor.c.obj
 .debug_info    0x00012267      0xf07 CMakeFiles/dev_hid_mouse_lite_bm.dir/29a00879e1c5faf8b37c5641660ccc0a/_boards/frdmmcxa153/usb_examples/usb_device_hid_mouse_lite/bm/hardware_init.c.obj
 .debug_info    0x0001316e      0xe1a CMakeFiles/dev_hid_mouse_lite_bm.dir/9ef1fa5c10a3075228c764f52c670508/examples/_boards/frdmmcxa153/usb_examples/usb_device_hid_mouse_lite/bm/pin_mux.c.obj

.debug_abbrev   0x00000000     0x2c09
 .debug_abbrev  0x00000000      0x1c8 CMakeFiles/dev_hid_mouse_lite_bm.dir/C_/WORKSPACE/proiecte/ipcei-lab/src/sdks/mcuxsdk/devices/MCX/MCXA/MCXA153/system_MCXA153.c.obj
 .debug_abbrev  0x000001c8       0x26 CMakeFiles/dev_hid_mouse_lite_bm.dir/C_/WORKSPACE/proiecte/ipcei-lab/src/sdks/mcuxsdk/devices/MCX/MCXA/MCXA153/gcc/startup_MCXA153.S.obj
 .debug_abbrev  0x000001ee      0x338 CMakeFiles/dev_hid_mouse_lite_bm.dir/C_/WORKSPACE/proiecte/ipcei-lab/src/sdks/mcuxsdk/devices/MCX/MCXA/MCXA153/drivers/fsl_clock.c.obj
 .debug_abbrev  0x00000526      0x132 CMakeFiles/dev_hid_mouse_lite_bm.dir/C_/WORKSPACE/proiecte/ipcei-lab/src/sdks/mcuxsdk/devices/MCX/MCXA/MCXA153/drivers/fsl_reset.c.obj
 .debug_abbrev  0x00000658       0xf7 CMakeFiles/dev_hid_mouse_lite_bm.dir/C_/WORKSPACE/proiecte/ipcei-lab/src/sdks/mcuxsdk/examples/_boards/frdmmcxa153/board.c.obj
 .debug_abbrev  0x0000074f      0x213 CMakeFiles/dev_hid_mouse_lite_bm.dir/C_/WORKSPACE/proiecte/ipcei-lab/src/sdks/mcuxsdk/examples/_boards/frdmmcxa153/clock_config.c.obj
 .debug_abbrev  0x00000962      0x160 CMakeFiles/dev_hid_mouse_lite_bm.dir/C_/WORKSPACE/proiecte/ipcei-lab/src/sdks/mcuxsdk/drivers/common/fsl_common_arm.c.obj
 .debug_abbrev  0x00000ac2      0x47f CMakeFiles/dev_hid_mouse_lite_bm.dir/C_/WORKSPACE/proiecte/ipcei-lab/src/sdks/mcuxsdk/drivers/lpuart/fsl_lpuart.c.obj
 .debug_abbrev  0x00000f41      0x2f9 CMakeFiles/dev_hid_mouse_lite_bm.dir/C_/WORKSPACE/proiecte/ipcei-lab/src/sdks/mcuxsdk/drivers/mcx_spc/fsl_spc.c.obj
 .debug_abbrev  0x0000123a      0x101 CMakeFiles/dev_hid_mouse_lite_bm.dir/C_/WORKSPACE/proiecte/ipcei-lab/src/sdks/mcuxsdk/components/assert/fsl_assert.c.obj
 .debug_abbrev  0x0000133b      0x25c CMakeFiles/dev_hid_mouse_lite_bm.dir/C_/WORKSPACE/proiecte/ipcei-lab/src/sdks/mcuxsdk/components/debug_console_lite/fsl_debug_console.c.obj
 .debug_abbrev  0x00001597       0x14 CMakeFiles/dev_hid_mouse_lite_bm.dir/C_/WORKSPACE/proiecte/ipcei-lab/src/sdks/mcuxsdk/components/misc_utilities/fsl_memcpy.S.obj
 .debug_abbrev  0x000015ab      0x427 CMakeFiles/dev_hid_mouse_lite_bm.dir/C_/WORKSPACE/proiecte/ipcei-lab/src/sdks/mcuxsdk/components/osa/fsl_os_abstraction_bm.c.obj
 .debug_abbrev  0x000019d2      0x1f7 CMakeFiles/dev_hid_mouse_lite_bm.dir/C_/WORKSPACE/proiecte/ipcei-lab/src/sdks/mcuxsdk/components/uart/fsl_adapter_lpuart.c.obj
 .debug_abbrev  0x00001bc9      0x357 CMakeFiles/dev_hid_mouse_lite_bm.dir/C_/WORKSPACE/proiecte/ipcei-lab/src/sdks/mcuxsdk/middleware/usb/device/usb_device_khci.c.obj
 .debug_abbrev  0x00001f20      0x253 CMakeFiles/dev_hid_mouse_lite_bm.dir/C_/WORKSPACE/proiecte/ipcei-lab/src/sdks/mcuxsdk/middleware/usb/device/usb_device_dci.c.obj
 .debug_abbrev  0x00002173      0x29e CMakeFiles/dev_hid_mouse_lite_bm.dir/mouse.c.obj
 .debug_abbrev  0x00002411      0x1aa CMakeFiles/dev_hid_mouse_lite_bm.dir/usb_device_ch9.c.obj
 .debug_abbrev  0x000025bb      0x1b7 CMakeFiles/dev_hid_mouse_lite_bm.dir/usb_device_descriptor.c.obj
 .debug_abbrev  0x00002772      0x287 CMakeFiles/dev_hid_mouse_lite_bm.dir/29a00879e1c5faf8b37c5641660ccc0a/_boards/frdmmcxa153/usb_examples/usb_device_hid_mouse_lite/bm/hardware_init.c.obj
 .debug_abbrev  0x000029f9      0x210 CMakeFiles/dev_hid_mouse_lite_bm.dir/9ef1fa5c10a3075228c764f52c670508/examples/_boards/frdmmcxa153/usb_examples/usb_device_hid_mouse_lite/bm/pin_mux.c.obj

.debug_aranges  0x00000000      0xae8
 .debug_aranges
                0x00000000       0x30 CMakeFiles/dev_hid_mouse_lite_bm.dir/C_/WORKSPACE/proiecte/ipcei-lab/src/sdks/mcuxsdk/devices/MCX/MCXA/MCXA153/system_MCXA153.c.obj
 .debug_aranges
                0x00000030       0x20 CMakeFiles/dev_hid_mouse_lite_bm.dir/C_/WORKSPACE/proiecte/ipcei-lab/src/sdks/mcuxsdk/devices/MCX/MCXA/MCXA153/gcc/startup_MCXA153.S.obj
 .debug_aranges
                0x00000050      0x160 CMakeFiles/dev_hid_mouse_lite_bm.dir/C_/WORKSPACE/proiecte/ipcei-lab/src/sdks/mcuxsdk/devices/MCX/MCXA/MCXA153/drivers/fsl_clock.c.obj
 .debug_aranges
                0x000001b0       0x30 CMakeFiles/dev_hid_mouse_lite_bm.dir/C_/WORKSPACE/proiecte/ipcei-lab/src/sdks/mcuxsdk/devices/MCX/MCXA/MCXA153/drivers/fsl_reset.c.obj
 .debug_aranges
                0x000001e0       0x20 CMakeFiles/dev_hid_mouse_lite_bm.dir/C_/WORKSPACE/proiecte/ipcei-lab/src/sdks/mcuxsdk/examples/_boards/frdmmcxa153/board.c.obj
 .debug_aranges
                0x00000200       0x48 CMakeFiles/dev_hid_mouse_lite_bm.dir/C_/WORKSPACE/proiecte/ipcei-lab/src/sdks/mcuxsdk/examples/_boards/frdmmcxa153/clock_config.c.obj
 .debug_aranges
                0x00000248       0x38 CMakeFiles/dev_hid_mouse_lite_bm.dir/C_/WORKSPACE/proiecte/ipcei-lab/src/sdks/mcuxsdk/drivers/common/fsl_common_arm.c.obj
 .debug_aranges
                0x00000280      0x1a8 CMakeFiles/dev_hid_mouse_lite_bm.dir/C_/WORKSPACE/proiecte/ipcei-lab/src/sdks/mcuxsdk/drivers/lpuart/fsl_lpuart.c.obj
 .debug_aranges
                0x00000428      0x118 CMakeFiles/dev_hid_mouse_lite_bm.dir/C_/WORKSPACE/proiecte/ipcei-lab/src/sdks/mcuxsdk/drivers/mcx_spc/fsl_spc.c.obj
 .debug_aranges
                0x00000540       0x28 CMakeFiles/dev_hid_mouse_lite_bm.dir/C_/WORKSPACE/proiecte/ipcei-lab/src/sdks/mcuxsdk/components/assert/fsl_assert.c.obj
 .debug_aranges
                0x00000568       0x78 CMakeFiles/dev_hid_mouse_lite_bm.dir/C_/WORKSPACE/proiecte/ipcei-lab/src/sdks/mcuxsdk/components/debug_console_lite/fsl_debug_console.c.obj
 .debug_aranges
                0x000005e0       0x20 CMakeFiles/dev_hid_mouse_lite_bm.dir/C_/WORKSPACE/proiecte/ipcei-lab/src/sdks/mcuxsdk/components/misc_utilities/fsl_memcpy.S.obj
 .debug_aranges
                0x00000600      0x178 CMakeFiles/dev_hid_mouse_lite_bm.dir/C_/WORKSPACE/proiecte/ipcei-lab/src/sdks/mcuxsdk/components/osa/fsl_os_abstraction_bm.c.obj
 .debug_aranges
                0x00000778       0x58 CMakeFiles/dev_hid_mouse_lite_bm.dir/C_/WORKSPACE/proiecte/ipcei-lab/src/sdks/mcuxsdk/components/uart/fsl_adapter_lpuart.c.obj
 .debug_aranges
                0x000007d0       0xa0 CMakeFiles/dev_hid_mouse_lite_bm.dir/C_/WORKSPACE/proiecte/ipcei-lab/src/sdks/mcuxsdk/middleware/usb/device/usb_device_khci.c.obj
 .debug_aranges
                0x00000870       0xc8 CMakeFiles/dev_hid_mouse_lite_bm.dir/C_/WORKSPACE/proiecte/ipcei-lab/src/sdks/mcuxsdk/middleware/usb/device/usb_device_dci.c.obj
 .debug_aranges
                0x00000938       0x68 CMakeFiles/dev_hid_mouse_lite_bm.dir/mouse.c.obj
 .debug_aranges
                0x000009a0       0x78 CMakeFiles/dev_hid_mouse_lite_bm.dir/usb_device_ch9.c.obj
 .debug_aranges
                0x00000a18       0x48 CMakeFiles/dev_hid_mouse_lite_bm.dir/usb_device_descriptor.c.obj
 .debug_aranges
                0x00000a60       0x50 CMakeFiles/dev_hid_mouse_lite_bm.dir/29a00879e1c5faf8b37c5641660ccc0a/_boards/frdmmcxa153/usb_examples/usb_device_hid_mouse_lite/bm/hardware_init.c.obj
 .debug_aranges
                0x00000ab0       0x38 CMakeFiles/dev_hid_mouse_lite_bm.dir/9ef1fa5c10a3075228c764f52c670508/examples/_boards/frdmmcxa153/usb_examples/usb_device_hid_mouse_lite/bm/pin_mux.c.obj

.debug_rnglists
                0x00000000      0x805
 .debug_rnglists
                0x00000000       0x20 CMakeFiles/dev_hid_mouse_lite_bm.dir/C_/WORKSPACE/proiecte/ipcei-lab/src/sdks/mcuxsdk/devices/MCX/MCXA/MCXA153/system_MCXA153.c.obj
 .debug_rnglists
                0x00000020      0x117 CMakeFiles/dev_hid_mouse_lite_bm.dir/C_/WORKSPACE/proiecte/ipcei-lab/src/sdks/mcuxsdk/devices/MCX/MCXA/MCXA153/drivers/fsl_clock.c.obj
 .debug_rnglists
                0x00000137       0x21 CMakeFiles/dev_hid_mouse_lite_bm.dir/C_/WORKSPACE/proiecte/ipcei-lab/src/sdks/mcuxsdk/devices/MCX/MCXA/MCXA153/drivers/fsl_reset.c.obj
 .debug_rnglists
                0x00000158       0x13 CMakeFiles/dev_hid_mouse_lite_bm.dir/C_/WORKSPACE/proiecte/ipcei-lab/src/sdks/mcuxsdk/examples/_boards/frdmmcxa153/board.c.obj
 .debug_rnglists
                0x0000016b       0x36 CMakeFiles/dev_hid_mouse_lite_bm.dir/C_/WORKSPACE/proiecte/ipcei-lab/src/sdks/mcuxsdk/examples/_boards/frdmmcxa153/clock_config.c.obj
 .debug_rnglists
                0x000001a1       0x26 CMakeFiles/dev_hid_mouse_lite_bm.dir/C_/WORKSPACE/proiecte/ipcei-lab/src/sdks/mcuxsdk/drivers/common/fsl_common_arm.c.obj
 .debug_rnglists
                0x000001c7      0x14c CMakeFiles/dev_hid_mouse_lite_bm.dir/C_/WORKSPACE/proiecte/ipcei-lab/src/sdks/mcuxsdk/drivers/lpuart/fsl_lpuart.c.obj
 .debug_rnglists
                0x00000313       0xd2 CMakeFiles/dev_hid_mouse_lite_bm.dir/C_/WORKSPACE/proiecte/ipcei-lab/src/sdks/mcuxsdk/drivers/mcx_spc/fsl_spc.c.obj
 .debug_rnglists
                0x000003e5       0x19 CMakeFiles/dev_hid_mouse_lite_bm.dir/C_/WORKSPACE/proiecte/ipcei-lab/src/sdks/mcuxsdk/components/assert/fsl_assert.c.obj
 .debug_rnglists
                0x000003fe       0x59 CMakeFiles/dev_hid_mouse_lite_bm.dir/C_/WORKSPACE/proiecte/ipcei-lab/src/sdks/mcuxsdk/components/debug_console_lite/fsl_debug_console.c.obj
 .debug_rnglists
                0x00000457      0x11b CMakeFiles/dev_hid_mouse_lite_bm.dir/C_/WORKSPACE/proiecte/ipcei-lab/src/sdks/mcuxsdk/components/osa/fsl_os_abstraction_bm.c.obj
 .debug_rnglists
                0x00000572       0x41 CMakeFiles/dev_hid_mouse_lite_bm.dir/C_/WORKSPACE/proiecte/ipcei-lab/src/sdks/mcuxsdk/components/uart/fsl_adapter_lpuart.c.obj
 .debug_rnglists
                0x000005b3       0x7f CMakeFiles/dev_hid_mouse_lite_bm.dir/C_/WORKSPACE/proiecte/ipcei-lab/src/sdks/mcuxsdk/middleware/usb/device/usb_device_khci.c.obj
 .debug_rnglists
                0x00000632       0x9a CMakeFiles/dev_hid_mouse_lite_bm.dir/C_/WORKSPACE/proiecte/ipcei-lab/src/sdks/mcuxsdk/middleware/usb/device/usb_device_dci.c.obj
 .debug_rnglists
                0x000006cc       0x4b CMakeFiles/dev_hid_mouse_lite_bm.dir/mouse.c.obj
 .debug_rnglists
                0x00000717       0x5e CMakeFiles/dev_hid_mouse_lite_bm.dir/usb_device_ch9.c.obj
 .debug_rnglists
                0x00000775       0x33 CMakeFiles/dev_hid_mouse_lite_bm.dir/usb_device_descriptor.c.obj
 .debug_rnglists
                0x000007a8       0x37 CMakeFiles/dev_hid_mouse_lite_bm.dir/29a00879e1c5faf8b37c5641660ccc0a/_boards/frdmmcxa153/usb_examples/usb_device_hid_mouse_lite/bm/hardware_init.c.obj
 .debug_rnglists
                0x000007df       0x26 CMakeFiles/dev_hid_mouse_lite_bm.dir/9ef1fa5c10a3075228c764f52c670508/examples/_boards/frdmmcxa153/usb_examples/usb_device_hid_mouse_lite/bm/pin_mux.c.obj

.debug_line     0x00000000     0x929c
 .debug_line    0x00000000      0x3bb CMakeFiles/dev_hid_mouse_lite_bm.dir/C_/WORKSPACE/proiecte/ipcei-lab/src/sdks/mcuxsdk/devices/MCX/MCXA/MCXA153/system_MCXA153.c.obj
 .debug_line    0x000003bb      0x23d CMakeFiles/dev_hid_mouse_lite_bm.dir/C_/WORKSPACE/proiecte/ipcei-lab/src/sdks/mcuxsdk/devices/MCX/MCXA/MCXA153/gcc/startup_MCXA153.S.obj
 .debug_line    0x000005f8     0x1123 CMakeFiles/dev_hid_mouse_lite_bm.dir/C_/WORKSPACE/proiecte/ipcei-lab/src/sdks/mcuxsdk/devices/MCX/MCXA/MCXA153/drivers/fsl_clock.c.obj
 .debug_line    0x0000171b      0x2e1 CMakeFiles/dev_hid_mouse_lite_bm.dir/C_/WORKSPACE/proiecte/ipcei-lab/src/sdks/mcuxsdk/devices/MCX/MCXA/MCXA153/drivers/fsl_reset.c.obj
 .debug_line    0x000019fc      0x25f CMakeFiles/dev_hid_mouse_lite_bm.dir/C_/WORKSPACE/proiecte/ipcei-lab/src/sdks/mcuxsdk/examples/_boards/frdmmcxa153/board.c.obj
 .debug_line    0x00001c5b      0x50c CMakeFiles/dev_hid_mouse_lite_bm.dir/C_/WORKSPACE/proiecte/ipcei-lab/src/sdks/mcuxsdk/examples/_boards/frdmmcxa153/clock_config.c.obj
 .debug_line    0x00002167      0x261 CMakeFiles/dev_hid_mouse_lite_bm.dir/C_/WORKSPACE/proiecte/ipcei-lab/src/sdks/mcuxsdk/drivers/common/fsl_common_arm.c.obj
 .debug_line    0x000023c8     0x1743 CMakeFiles/dev_hid_mouse_lite_bm.dir/C_/WORKSPACE/proiecte/ipcei-lab/src/sdks/mcuxsdk/drivers/lpuart/fsl_lpuart.c.obj
 .debug_line    0x00003b0b      0x967 CMakeFiles/dev_hid_mouse_lite_bm.dir/C_/WORKSPACE/proiecte/ipcei-lab/src/sdks/mcuxsdk/drivers/mcx_spc/fsl_spc.c.obj
 .debug_line    0x00004472      0x261 CMakeFiles/dev_hid_mouse_lite_bm.dir/C_/WORKSPACE/proiecte/ipcei-lab/src/sdks/mcuxsdk/components/assert/fsl_assert.c.obj
 .debug_line    0x000046d3      0x7c1 CMakeFiles/dev_hid_mouse_lite_bm.dir/C_/WORKSPACE/proiecte/ipcei-lab/src/sdks/mcuxsdk/components/debug_console_lite/fsl_debug_console.c.obj
 .debug_line    0x00004e94       0x88 CMakeFiles/dev_hid_mouse_lite_bm.dir/C_/WORKSPACE/proiecte/ipcei-lab/src/sdks/mcuxsdk/components/misc_utilities/fsl_memcpy.S.obj
 .debug_line    0x00004f1c      0xb85 CMakeFiles/dev_hid_mouse_lite_bm.dir/C_/WORKSPACE/proiecte/ipcei-lab/src/sdks/mcuxsdk/components/osa/fsl_os_abstraction_bm.c.obj
 .debug_line    0x00005aa1      0x50d CMakeFiles/dev_hid_mouse_lite_bm.dir/C_/WORKSPACE/proiecte/ipcei-lab/src/sdks/mcuxsdk/components/uart/fsl_adapter_lpuart.c.obj